
<6>[    0.000000] Reserving virtual address space above 0xf5800000
<6>[    0.000000] Initializing cgroup subsys cpuset
<6>[    0.000000] Initializing cgroup subsys cpu
<5>[    0.000000] Linux version 3.2.0-rc1 (root@zz) (gcc version 4.6.3 (Ubuntu/Linaro 4.6.3-1ubuntu5) ) #220 SMP Sat Nov 1 14:21:37 CST 2014
<6>[    0.000000] KERNEL supported cpus:
<6>[    0.000000]   Intel GenuineIntel
<6>[    0.000000]   AMD AuthenticAMD
<6>[    0.000000]   NSC Geode by NSC
<6>[    0.000000]   Cyrix CyrixInstead
<6>[    0.000000]   Centaur CentaurHauls
<6>[    0.000000]   Transmeta GenuineTMx86
<6>[    0.000000]   Transmeta TransmetaCPU
<6>[    0.000000]   UMC UMC UMC UMC
<6>[    0.000000] Freeing  9e-100 pfn range: 98 pages freed
<7>[    0.000000] 1-1 mapping on 9e->100
<6>[    0.000000] Freeing  ddea5-df091 pfn range: 4588 pages freed
<7>[    0.000000] 1-1 mapping on ddea5->df091
<6>[    0.000000] Freeing  df092-df0d5 pfn range: 67 pages freed
<7>[    0.000000] 1-1 mapping on df092->df0d5
<6>[    0.000000] Freeing  df4e1-df7f3 pfn range: 786 pages freed
<7>[    0.000000] 1-1 mapping on df4e1->df7f3
<6>[    0.000000] Freeing  df800-f1cda pfn range: 74970 pages freed
<7>[    0.000000] 1-1 mapping on df800->100000
<6>[    0.000000] Released 80509 pages of unused memory
<6>[    0.000000] Set 138659 page(s) to 1-1 mapping
<6>[    0.000000] BIOS-provided physical RAM map:
<6>[    0.000000]  Xen: 0000000000000000 - 000000000009e000 (usable)
<6>[    0.000000]  Xen: 000000000009ec00 - 0000000000100000 (reserved)
<6>[    0.000000]  Xen: 0000000000100000 - 00000000ddea5000 (usable)
<6>[    0.000000]  Xen: 00000000ddea5000 - 00000000ddf45000 (reserved)
<6>[    0.000000]  Xen: 00000000ddf45000 - 00000000ddf57000 (ACPI data)
<6>[    0.000000]  Xen: 00000000ddf57000 - 00000000de928000 (ACPI NVS)
<6>[    0.000000]  Xen: 00000000de928000 - 00000000df091000 (reserved)
<6>[    0.000000]  Xen: 00000000df091000 - 00000000df092000 (usable)
<6>[    0.000000]  Xen: 00000000df092000 - 00000000df0d5000 (ACPI NVS)
<6>[    0.000000]  Xen: 00000000df0d5000 - 00000000df4e1000 (usable)
<6>[    0.000000]  Xen: 00000000df4e1000 - 00000000df7f3000 (reserved)
<6>[    0.000000]  Xen: 00000000df7f3000 - 00000000df800000 (usable)
<6>[    0.000000]  Xen: 00000000f8000000 - 00000000fc000000 (reserved)
<6>[    0.000000]  Xen: 00000000fec00000 - 00000000fec01000 (reserved)
<6>[    0.000000]  Xen: 00000000fed00000 - 00000000fed04000 (reserved)
<6>[    0.000000]  Xen: 00000000fed1c000 - 00000000fed20000 (reserved)
<6>[    0.000000]  Xen: 00000000fee00000 - 00000000fee01000 (reserved)
<6>[    0.000000]  Xen: 00000000ff000000 - 0000000100000000 (reserved)
<6>[    0.000000]  Xen: 0000000100000000 - 000000011f000000 (usable)
<6>[    0.000000] NX (Execute Disable) protection: active
<6>[    0.000000] DMI 2.7 present.
<7>[    0.000000] DMI: LENOVO QiTianM4390/ , BIOS F1KT44AUS 12/21/2012
<7>[    0.000000] e820 update range: 0000000000000000 - 0000000000010000 (usable) ==> (reserved)
<7>[    0.000000] e820 remove range: 00000000000a0000 - 0000000000100000 (usable)
<6>[    0.000000] last_pfn = 0x11f000 max_arch_pfn = 0x1000000
<6>[    0.000000] found SMP MP-table at [c00fd9b0] fd9b0
<7>[    0.000000] initial memory mapped : 0 - 053ff000
<7>[    0.000000] Base memory trampoline at [c009a000] 9a000 size 16384
<6>[    0.000000] init_memory_mapping: 0000000000000000-000000002d3fe000
<7>[    0.000000]  0000000000 - 002d3fe000 page 4k
<7>[    0.000000] kernel direct mapping tables up to 2d3fe000 @ 5292000-53ff000
<7>[    0.000000] xen: setting RW the range 53d2000 - 53ff000
<6>[    0.000000] RAMDISK: 01c21000 - 046ba000
<4>[    0.000000] ACPI: RSDP 000f0490 00024 (v02 LENOVO)
<4>[    0.000000] ACPI: XSDT ddf48080 0007C (v01 LENOVO TC-F1    00001440 AMI  00010013)
<4>[    0.000000] ACPI: FACP ddf54268 000F4 (v04 LENOVO TC-F1    00001440 AMI  00010013)
<4>[    0.000000] ACPI: DSDT ddf48188 0C0DC (v02 LENOVO TC-F1    00001440 INTL 20051117)
<4>[    0.000000] ACPI: FACS de926f80 00040
<4>[    0.000000] ACPI: APIC ddf54360 0005A (v03 LENOVO TC-F1    00001440 AMI  00010013)
<4>[    0.000000] ACPI: FPDT ddf543c0 00044 (v01 LENOVO TC-F1    00001440 AMI  00010013)
<4>[    0.000000] ACPI: MCFG ddf54408 0003C (v01 LENOVO TC-F1    00001440 MSFT 00000097)
<4>[    0.000000] ACPI: HPET ddf54448 00038 (v01 LENOVO TC-F1    00001440 AMI. 00000005)
<4>[    0.000000] ACPI: SSDT ddf54480 00495 (v01 LENOVO TC-F1    00001440 INTL 20091112)
<4>[    0.000000] ACPI: SSDT ddf54918 009AA (v01 LENOVO TC-F1    00001440 INTL 20051117)
<4>[    0.000000] ACPI: SSDT ddf552c8 0083B (v01 LENOVO TC-F1    00001440 INTL 20051117)
<4>[    0.000000] ACPI: SSDT ddf55b08 00B22 (v01 LENOVO TC-F1    00001440 INTL 20051117)
<4>[    0.000000] ACPI: XMAR ddf56630 00078 (v01 LENOVO TC-F1    00001440 INTL 00000001)
<4>[    0.000000] ACPI: BGRT ddf566a8 00038 (v00 LENOVO TC-F1    00001440 AMI  00010013)
<7>[    0.000000] ACPI: Local APIC address 0xfee00000
<5>[    0.000000] 3868MB HIGHMEM available.
<5>[    0.000000] 723MB LOWMEM available.
<6>[    0.000000]   mapped low ram: 0 - 2d3fe000
<6>[    0.000000]   low ram: 0 - 2d3fe000
<4>[    0.000000] Zone PFN ranges:
<4>[    0.000000]   DMA      0x00000010 -> 0x00001000
<4>[    0.000000]   Normal   0x00001000 -> 0x0002d3fe
<4>[    0.000000]   HighMem  0x0002d3fe -> 0x0011f000
<4>[    0.000000] Movable zone start PFN for each node
<4>[    0.000000] early_node_map[6] active PFN ranges
<4>[    0.000000]     0: 0x00000010 -> 0x0000009e
<4>[    0.000000]     0: 0x00000100 -> 0x000ddea5
<4>[    0.000000]     0: 0x000df091 -> 0x000df092
<4>[    0.000000]     0: 0x000df0d5 -> 0x000df4e1
<4>[    0.000000]     0: 0x000df7f3 -> 0x000df800
<4>[    0.000000]     0: 0x00100000 -> 0x0011f000
<7>[    0.000000] On node 0 totalpages: 1036877
<7>[    0.000000] free_area_init_node: node 0, pgdat c1805840, node_mem_map eb01d200
<7>[    0.000000]   DMA zone: 32 pages used for memmap
<7>[    0.000000]   DMA zone: 0 pages reserved
<7>[    0.000000]   DMA zone: 3950 pages, LIFO batch:0
<7>[    0.000000]   Normal zone: 1416 pages used for memmap
<7>[    0.000000]   Normal zone: 179830 pages, LIFO batch:31
<7>[    0.000000]   HighMem zone: 7737 pages used for memmap
<7>[    0.000000]   HighMem zone: 843912 pages, LIFO batch:31
<6>[    0.000000] Using APIC driver default
<6>[    0.000000] ACPI: PM-Timer IO Port: 0x408
<7>[    0.000000] ACPI: Local APIC address 0xfee00000
<6>[    0.000000] ACPI: LAPIC (acpi_id[0x01] lapic_id[0x00] enabled)
<4>[    0.000000] BIOS bug: APIC version is 0 for CPU 0/0x0, fixing up to 0x10
<6>[    0.000000] ACPI: LAPIC_NMI (acpi_id[0xff] high edge lint[0x1])
<6>[    0.000000] ACPI: IOAPIC (id[0x02] address[0xfec00000] gsi_base[0])
<6>[    0.000000] IOAPIC[0]: apic_id 2, version 255, address 0xfec00000, GSI 0-255
<6>[    0.000000] ACPI: INT_SRC_OVR (bus 0 bus_irq 0 global_irq 2 dfl dfl)
<6>[    0.000000] ACPI: INT_SRC_OVR (bus 0 bus_irq 9 global_irq 9 high level)
<7>[    0.000000] ACPI: IRQ0 used by override.
<7>[    0.000000] ACPI: IRQ2 used by override.
<7>[    0.000000] ACPI: IRQ9 used by override.
<6>[    0.000000] Using ACPI (MADT) for SMP configuration information
<6>[    0.000000] ACPI: HPET id: 0x8086a701 base: 0xfed00000
<6>[    0.000000] SMP: Allowing 1 CPUs, 0 hotplug CPUs
<7>[    0.000000] nr_irqs_gsi: 272
<6>[    0.000000] PM: Registered nosave memory: 000000000009e000 - 000000000009f000
<6>[    0.000000] PM: Registered nosave memory: 000000000009f000 - 0000000000100000
<6>[    0.000000] Allocating PCI resources starting at df800000 (gap: df800000:18800000)
<6>[    0.000000] Booting paravirtualized kernel on Xen
<6>[    0.000000] Xen version: 4.2.1 (preserve-AD)
<6>[    0.000000] setup_percpu: NR_CPUS:8 nr_cpumask_bits:8 nr_cpu_ids:1 nr_node_ids:1
<6>[    0.000000] PERCPU: Embedded 14 pages/cpu @eaffd000 s34112 r0 d23232 u57344
<7>[    0.000000] pcpu-alloc: s34112 r0 d23232 u57344 alloc=14*4096
<7>[    0.000000] pcpu-alloc: [0] 0 
<4>[    2.521750] Built 1 zonelists in Zone order, mobility grouping on.  Total pages: 1027692
<5>[    2.521754] Kernel command line: placeholder root=UUID=6fd7a378-05d9-48a1-a62a-336376db583d ro apparmor=0 console=tty0 max_loop=128 xencons=ttyS0,115200
<6>[    2.522245] PID hash table entries: 4096 (order: 2, 16384 bytes)
<6>[    2.522294] Dentry cache hash table entries: 131072 (order: 7, 524288 bytes)
<6>[    2.522442] Inode-cache hash table entries: 65536 (order: 6, 262144 bytes)
<6>[    2.522608] Initializing CPU#0
<6>[    2.522634] xsave/xrstor: enabled xstate_bv 0x7, cntxt size 0x340
<6>[    2.527470] allocated 18808576 bytes of page_cgroup
<6>[    2.527475] please try 'cgroup_disable=memory' option if you don't want memory cgroups
<6>[    2.576882] Placing 64MB software IO TLB between e5d49000 - e9d49000
<6>[    2.576886] software IO TLB at phys 0x25d49000 - 0x29d49000
<6>[    2.592376] Initializing HighMem for node 0 (0002d3fe:0011f000)
<6>[    2.809380] Memory: 3458712k/4702208k available (5619k kernel code, 180892k reserved, 2648k data, 728k init, 2898692k highmem)
<6>[    2.809386] virtual kernel memory layout:
<6>[    2.809387]     fixmap  : 0xf5716000 - 0xf57ff000   ( 932 kB)
<6>[    2.809388]     pkmap   : 0xf5400000 - 0xf5600000   (2048 kB)
<6>[    2.809389]     vmalloc : 0xedbfe000 - 0xf53fe000   ( 120 MB)
<6>[    2.809389]     lowmem  : 0xc0000000 - 0xed3fe000   ( 723 MB)
<6>[    2.809390]       .init : 0xc1813000 - 0xc18c9000   ( 728 kB)
<6>[    2.809391]       .data : 0xc157cd7c - 0xc1812f80   (2648 kB)
<6>[    2.809392]       .text : 0xc1000000 - 0xc157cd7c   (5619 kB)
<6>[    2.809433] SLUB: Genslabs=15, HWalign=64, Order=0-3, MinObjects=0, CPUs=1, Nodes=1
<6>[    2.809453] Hierarchical RCU implementation.
<6>[    2.809456] 	RCU dyntick-idle grace-period acceleration is enabled.
<6>[    2.809462] NR_IRQS:2304 nr_irqs:256 16
<7>[    2.809494] CPU 0 irqstacks, hard=e580c000 soft=e580e000
<6>[    2.809498] xen: sci override: global_irq=9 trigger=0 polarity=0
<7>[    2.809501] xen: registering gsi 9 triggering 0 polarity 0
<7>[    2.809512] xen: --> pirq=9 -> irq=9 (gsi=9)
<6>[    2.809519] xen: acpi sci 9
<7>[    2.809524] xen: --> pirq=1 -> irq=1 (gsi=1)
<7>[    2.809528] xen: --> pirq=2 -> irq=2 (gsi=2)
<7>[    2.809533] xen: --> pirq=3 -> irq=3 (gsi=3)
<7>[    2.809537] xen: --> pirq=4 -> irq=4 (gsi=4)
<7>[    2.809541] xen: --> pirq=5 -> irq=5 (gsi=5)
<7>[    2.809546] xen: --> pirq=6 -> irq=6 (gsi=6)
<7>[    2.809550] xen: --> pirq=7 -> irq=7 (gsi=7)
<7>[    2.809554] xen: --> pirq=8 -> irq=8 (gsi=8)
<6>[    2.809557] xen_map_pirq_gsi: returning irq 9 for gsi 9
<7>[    2.809560] xen: --> pirq=9 -> irq=9 (gsi=9)
<7>[    2.809564] xen: --> pirq=10 -> irq=10 (gsi=10)
<7>[    2.809568] xen: --> pirq=11 -> irq=11 (gsi=11)
<7>[    2.809573] xen: --> pirq=12 -> irq=12 (gsi=12)
<7>[    2.809577] xen: --> pirq=13 -> irq=13 (gsi=13)
<7>[    2.809581] xen: --> pirq=14 -> irq=14 (gsi=14)
<7>[    2.809586] xen: --> pirq=15 -> irq=15 (gsi=15)
<6>[    2.811637] Console: colour VGA+ 80x25
<6>[    2.817593] console [tty0] enabled
<7>[    2.817656] Xen: using vcpuop timer interface
<6>[    2.817660] installing Xen timer for CPU 0
<4>[    2.817729] Detected 3192.810 MHz processor.
<6>[    2.817778] Calibrating delay loop (skipped), value calculated using timer frequency.. 6385.62 BogoMIPS (lpj=12771240)
<6>[    2.817880] pid_max: default: 32768 minimum: 301
<6>[    2.817942] Security Framework initialized
<6>[    2.817994] AppArmor: AppArmor disabled by boot time parameter
<6>[    2.818074] Mount-cache hash table entries: 512
<6>[    2.818218] Initializing cgroup subsys cpuacct
<6>[    2.818270] Initializing cgroup subsys memory
<6>[    2.818326] Initializing cgroup subsys devices
<6>[    2.818375] Initializing cgroup subsys freezer
<6>[    2.818425] Initializing cgroup subsys blkio
<6>[    2.818479] Initializing cgroup subsys perf_event
<6>[    2.818567] CPU: Physical Processor ID: 0
<6>[    2.818617] CPU: Processor Core ID: 0
<4>[    2.818667] ENERGY_PERF_BIAS: Set to 'normal', was 'performance'
<4>[    2.818668] ENERGY_PERF_BIAS: View and update with x86_energy_perf_policy(8)
<6>[    2.819686] SMP alternatives: switching to UP code
<6>[    2.864618] Freeing SMP alternatives: 20k freed
<6>[    2.864671] ACPI: Core revision 20110623
<6>[    2.881628] ftrace: allocating 23384 entries in 46 pages
<4>[    2.886979] cpu 0 spinlock event irq 273
<6>[    2.887041] Performance Events: unsupported p6 CPU model 58 no PMU driver, software events only.
<4>[    2.887282] NMI watchdog disabled (cpu0): hardware events not enabled
<6>[    2.887345] Brought up 1 CPUs
<6>[    2.887503] devtmpfs: initialized
<6>[    2.887682] EVM: security.selinux
<6>[    2.887730] EVM: security.SMACK64
<6>[    2.887778] EVM: security.capability
<6>[    2.887848] PM: Registering ACPI NVS region at ddf57000 (10293248 bytes)
<6>[    2.887985] PM: Registering ACPI NVS region at df092000 (274432 bytes)
<6>[    2.888658] pinctrl core: initialized pinctrl subsystem
<4>[    2.888733] Grant table initialized
<6>[    2.888806] print_constraints: dummy: 
<6>[    2.888893] RTC time: 14:46:44, date: 11/01/14
<6>[    2.888964] NET: Registered protocol family 16
<6>[    2.889127] EISA bus registered
<6>[    2.889188] ACPI: bus type pci registered
<6>[    2.889281] PCI: MMCONFIG for domain 0000 [bus 00-3f] at [mem 0xf8000000-0xfbffffff] (base 0xf8000000)
<6>[    2.889340] PCI: MMCONFIG at [mem 0xf8000000-0xfbffffff] reserved in E820
<6>[    2.889391] PCI: Using MMCONFIG for extended config space
<6>[    2.889440] PCI: Using configuration type 1 for base access
<6>[    2.890126] bio: create slab <bio-0> at 0
<6>[    2.890234] ACPI: Added _OSI(Module Device)
<6>[    2.890284] ACPI: Added _OSI(Processor Device)
<6>[    2.890334] ACPI: Added _OSI(3.0 _SCP Extensions)
<6>[    2.890384] ACPI: Added _OSI(Processor Aggregator Device)
<7>[    2.897211] ACPI: EC: Look up EC in DSDT
<4>[    2.904283] ACPI: Executed 1 blocks of module-level executable AML code
<6>[    2.912156] ACPI: Interpreter enabled
<6>[    2.912209] ACPI: (supports S0 S3 S4 S5)
<6>[    2.912437] ACPI: Using IOAPIC for interrupt routing
<6>[    2.920266] ACPI: Power Resource [FN00] (off)
<6>[    2.920417] ACPI: Power Resource [FN01] (off)
<6>[    2.920566] ACPI: Power Resource [FN02] (off)
<6>[    2.924332] ACPI: Power Resource [FN03] (off)
<6>[    2.924482] ACPI: Power Resource [FN04] (off)
<6>[    2.926001] ACPI: No dock devices found.
<6>[    2.926051] HEST: Table not found.
<6>[    2.926103] PCI: Using host bridge windows from ACPI; if necessary, use "pci=nocrs" and report a bug
<6>[    2.926570] ACPI: PCI Root Bridge [PCI0] (domain 0000 [bus 00-3e])
<6>[    2.927209] pci_root PNP0A08:00: host bridge window [io  0x0000-0x0cf7]
<6>[    2.927260] pci_root PNP0A08:00: host bridge window [io  0x0d00-0xffff]
<6>[    2.927312] pci_root PNP0A08:00: host bridge window [mem 0x000a0000-0x000bffff]
<6>[    2.927370] pci_root PNP0A08:00: host bridge window [mem 0x000d4000-0x000d7fff]
<6>[    2.927429] pci_root PNP0A08:00: host bridge window [mem 0x000d8000-0x000dbfff]
<6>[    2.927486] pci_root PNP0A08:00: host bridge window [mem 0x000dc000-0x000dffff]
<6>[    2.927543] pci_root PNP0A08:00: host bridge window [mem 0x000e0000-0x000e3fff]
<6>[    2.927599] pci_root PNP0A08:00: host bridge window [mem 0x000e4000-0x000e7fff]
<6>[    2.927657] pci_root PNP0A08:00: host bridge window [mem 0xe0000000-0xfeafffff]
<7>[    2.927729] pci 0000:00:00.0: [8086:0150] type 0 class 0x000600
<7>[    2.927824] pci 0000:00:01.0: [8086:0151] type 1 class 0x000604
<7>[    2.927903] pci 0000:00:01.0: PME# supported from D0 D3hot D3cold
<7>[    2.927909] pci 0000:00:01.0: PME# disabled
<7>[    2.928025] pci 0000:00:16.0: [8086:1c3a] type 0 class 0x000780
<7>[    2.928079] pci 0000:00:16.0: reg 10: [mem 0xf7f09000-0xf7f0900f 64bit]
<7>[    2.928224] pci 0000:00:16.0: PME# supported from D0 D3hot D3cold
<7>[    2.928232] pci 0000:00:16.0: PME# disabled
<7>[    2.928308] pci 0000:00:1a.0: [8086:1c2d] type 0 class 0x000c03
<7>[    2.928354] pci 0000:00:1a.0: reg 10: [mem 0xf7f07000-0xf7f073ff]
<7>[    2.928514] pci 0000:00:1a.0: PME# supported from D0 D3hot D3cold
<7>[    2.928521] pci 0000:00:1a.0: PME# disabled
<7>[    2.928579] pci 0000:00:1b.0: [8086:1c20] type 0 class 0x000403
<7>[    2.928618] pci 0000:00:1b.0: reg 10: [mem 0xf7f00000-0xf7f03fff 64bit]
<7>[    2.928767] pci 0000:00:1b.0: PME# supported from D0 D3hot D3cold
<7>[    2.928775] pci 0000:00:1b.0: PME# disabled
<7>[    2.928828] pci 0000:00:1c.0: [8086:1c10] type 1 class 0x000604
<7>[    2.928989] pci 0000:00:1c.0: PME# supported from D0 D3hot D3cold
<7>[    2.928996] pci 0000:00:1c.0: PME# disabled
<7>[    2.929058] pci 0000:00:1c.5: [8086:1c1a] type 1 class 0x000604
<7>[    2.929215] pci 0000:00:1c.5: PME# supported from D0 D3hot D3cold
<7>[    2.929222] pci 0000:00:1c.5: PME# disabled
<7>[    2.929287] pci 0000:00:1d.0: [8086:1c26] type 0 class 0x000c03
<7>[    2.929335] pci 0000:00:1d.0: reg 10: [mem 0xf7f06000-0xf7f063ff]
<7>[    2.929504] pci 0000:00:1d.0: PME# supported from D0 D3hot D3cold
<7>[    2.929512] pci 0000:00:1d.0: PME# disabled
<7>[    2.929559] pci 0000:00:1f.0: [8086:1c5c] type 0 class 0x000601
<7>[    2.929781] pci 0000:00:1f.2: [8086:1c00] type 0 class 0x000101
<7>[    2.929819] pci 0000:00:1f.2: reg 10: [io  0xf0d0-0xf0d7]
<7>[    2.929840] pci 0000:00:1f.2: reg 14: [io  0xf0c0-0xf0c3]
<7>[    2.929857] pci 0000:00:1f.2: reg 18: [io  0xf0b0-0xf0b7]
<7>[    2.929878] pci 0000:00:1f.2: reg 1c: [io  0xf0a0-0xf0a3]
<7>[    2.929898] pci 0000:00:1f.2: reg 20: [io  0xf090-0xf09f]
<7>[    2.929919] pci 0000:00:1f.2: reg 24: [io  0xf080-0xf08f]
<7>[    2.930018] pci 0000:00:1f.3: [8086:1c22] type 0 class 0x000c05
<7>[    2.930058] pci 0000:00:1f.3: reg 10: [mem 0xf7f05000-0xf7f050ff 64bit]
<7>[    2.930117] pci 0000:00:1f.3: reg 20: [io  0xf000-0xf01f]
<7>[    2.930200] pci 0000:00:1f.5: [8086:1c08] type 0 class 0x000101
<7>[    2.930244] pci 0000:00:1f.5: reg 10: [io  0xf070-0xf077]
<7>[    2.930264] pci 0000:00:1f.5: reg 14: [io  0xf060-0xf063]
<7>[    2.930285] pci 0000:00:1f.5: reg 18: [io  0xf050-0xf057]
<7>[    2.930306] pci 0000:00:1f.5: reg 1c: [io  0xf040-0xf043]
<7>[    2.930326] pci 0000:00:1f.5: reg 20: [io  0xf030-0xf03f]
<7>[    2.930347] pci 0000:00:1f.5: reg 24: [io  0xf020-0xf02f]
<7>[    2.930524] pci 0000:01:00.0: [1002:677b] type 0 class 0x000300
<7>[    2.930560] pci 0000:01:00.0: reg 10: [mem 0xe0000000-0xefffffff 64bit pref]
<7>[    2.930587] pci 0000:01:00.0: reg 18: [mem 0xf7e20000-0xf7e3ffff 64bit]
<7>[    2.930605] pci 0000:01:00.0: reg 20: [io  0xe000-0xe0ff]
<7>[    2.930638] pci 0000:01:00.0: reg 30: [mem 0xf7e00000-0xf7e1ffff pref]
<7>[    2.930684] pci 0000:01:00.0: supports D1 D2
<7>[    2.930738] pci 0000:01:00.1: [1002:aa98] type 0 class 0x000403
<7>[    2.930773] pci 0000:01:00.1: reg 10: [mem 0xf7e40000-0xf7e43fff 64bit]
<7>[    2.930896] pci 0000:01:00.1: supports D1 D2
<6>[    2.936652] pci 0000:00:01.0: PCI bridge to [bus 01-01]
<7>[    2.936715] pci 0000:00:01.0:   bridge window [io  0xe000-0xefff]
<7>[    2.936720] pci 0000:00:01.0:   bridge window [mem 0xf7e00000-0xf7efffff]
<7>[    2.936728] pci 0000:00:01.0:   bridge window [mem 0xe0000000-0xefffffff 64bit pref]
<6>[    2.936840] pci 0000:00:1c.0: PCI bridge to [bus 02-02]
<7>[    2.937115] pci 0000:03:00.0: [10ec:8168] type 0 class 0x000200
<7>[    2.937201] pci 0000:03:00.0: reg 10: [io  0xd000-0xd0ff]
<7>[    2.937349] pci 0000:03:00.0: reg 18: [mem 0xf7d04000-0xf7d04fff 64bit pref]
<7>[    2.937441] pci 0000:03:00.0: reg 20: [mem 0xf7d00000-0xf7d03fff 64bit pref]
<7>[    2.937702] pci 0000:03:00.0: supports D1 D2
<7>[    2.937705] pci 0000:03:00.0: PME# supported from D0 D1 D2 D3hot D3cold
<7>[    2.937724] pci 0000:03:00.0: PME# disabled
<6>[    2.944792] pci 0000:00:1c.5: PCI bridge to [bus 03-03]
<7>[    2.944848] pci 0000:00:1c.5:   bridge window [io  0xd000-0xdfff]
<7>[    2.944856] pci 0000:00:1c.5:   bridge window [mem 0xf7d00000-0xf7dfffff]
<7>[    2.944899] pci_bus 0000:00: on NUMA node 0
<7>[    2.944903] ACPI: PCI Interrupt Routing Table [\_SB_.PCI0._PRT]
<7>[    2.945023] ACPI: PCI Interrupt Routing Table [\_SB_.PCI0.RP01._PRT]
<7>[    2.945067] ACPI: PCI Interrupt Routing Table [\_SB_.PCI0.RP06._PRT]
<7>[    2.945103] ACPI: PCI Interrupt Routing Table [\_SB_.PCI0.PEG0._PRT]
<6>[    2.945284]  pci0000:00: Requesting ACPI _OSC control (0x1d)
<6>[    2.945595]  pci0000:00: ACPI _OSC control (0x18) granted
<6>[    2.950931] ACPI: PCI Interrupt Link [LNKA] (IRQs 3 4 5 6 *11 12 14 15)
<6>[    2.951443] ACPI: PCI Interrupt Link [LNKB] (IRQs 3 4 5 6 *10 11 12 14 15)
<6>[    2.952029] ACPI: PCI Interrupt Link [LNKC] (IRQs 3 4 5 6 *11 12 14 15)
<6>[    2.952539] ACPI: PCI Interrupt Link [LNKD] (IRQs 3 4 *5 6 11 12 14 15)
<6>[    2.953080] ACPI: PCI Interrupt Link [LNKE] (IRQs 3 4 5 6 11 12 14 15) *0, disabled.
<6>[    2.953678] ACPI: PCI Interrupt Link [LNKF] (IRQs 3 4 5 6 11 12 14 15) *0, disabled.
<6>[    2.954278] ACPI: PCI Interrupt Link [LNKG] (IRQs 3 4 *5 6 11 12 14 15)
<6>[    2.954814] ACPI: PCI Interrupt Link [LNKH] (IRQs *3 4 5 6 11 12 14 15)
<6>[    2.955298] xen/balloon: Initialising balloon driver.
<6>[    2.956004] xen-balloon: Initialising balloon driver.
<6>[    2.956068] xen/balloon: Xen selfballooning driver disabled for domain0.
<6>[    2.956169] vgaarb: device added: PCI:0000:01:00.0,decodes=io+mem,owns=io+mem,locks=none
<6>[    2.956228] vgaarb: loaded
<6>[    2.956277] vgaarb: bridge control possible 0000:01:00.0
<4>[    2.956389] i2c-core: driver [aat2870] using legacy suspend method
<4>[    2.956440] i2c-core: driver [aat2870] using legacy resume method
<5>[    2.956538] SCSI subsystem initialized
<7>[    2.956620] libata version 3.00 loaded.
<6>[    2.956647] usbcore: registered new interface driver usbfs
<6>[    2.956702] usbcore: registered new interface driver hub
<6>[    2.956773] usbcore: registered new device driver usb
<6>[    2.956881] PCI: Using ACPI for IRQ routing
<7>[    2.961423] PCI: pci_cache_line_size set to 64 bytes
<7>[    2.961517] reserve RAM buffer: 000000000009e000 - 000000000009ffff 
<7>[    2.961520] reserve RAM buffer: 00000000ddea5000 - 00000000dfffffff 
<7>[    2.961523] reserve RAM buffer: 00000000df092000 - 00000000dfffffff 
<7>[    2.961525] reserve RAM buffer: 00000000df4e1000 - 00000000dfffffff 
<7>[    2.961528] reserve RAM buffer: 00000000df800000 - 00000000dfffffff 
<7>[    2.961530] reserve RAM buffer: 000000011f000000 - 000000011fffffff 
<6>[    2.961603] NetLabel: Initializing
<6>[    2.961654] NetLabel:  domain hash size = 128
<6>[    2.961702] NetLabel:  protocols = UNLABELED CIPSOv4
<6>[    2.961758] NetLabel:  unlabeled traffic allowed by default
<6>[    2.961843] Switching to clocksource xen
<6>[    2.967609] pnp: PnP ACPI init
<6>[    2.967665] ACPI: bus type pnp registered
<7>[    2.968041] pnp 00:00: [bus 00-3e]
<7>[    2.968044] pnp 00:00: [io  0x0000-0x0cf7 window]
<7>[    2.968047] pnp 00:00: [io  0x0cf8-0x0cff]
<7>[    2.968049] pnp 00:00: [io  0x0d00-0xffff window]
<7>[    2.968052] pnp 00:00: [mem 0x000a0000-0x000bffff window]
<7>[    2.968054] pnp 00:00: [mem 0x000c0000-0x000c3fff window]
<7>[    2.968058] pnp 00:00: [mem 0x000c4000-0x000c7fff window]
<7>[    2.968061] pnp 00:00: [mem 0x000c8000-0x000cbfff window]
<7>[    2.968063] pnp 00:00: [mem 0x000cc000-0x000cffff window]
<7>[    2.968066] pnp 00:00: [mem 0x000d0000-0x000d3fff window]
<7>[    2.968068] pnp 00:00: [mem 0x000d4000-0x000d7fff window]
<7>[    2.968071] pnp 00:00: [mem 0x000d8000-0x000dbfff window]
<7>[    2.968073] pnp 00:00: [mem 0x000dc000-0x000dffff window]
<7>[    2.968075] pnp 00:00: [mem 0x000e0000-0x000e3fff window]
<7>[    2.968078] pnp 00:00: [mem 0x000e4000-0x000e7fff window]
<7>[    2.968080] pnp 00:00: [mem 0x000e8000-0x000ebfff window]
<7>[    2.968083] pnp 00:00: [mem 0x000ec000-0x000effff window]
<7>[    2.968085] pnp 00:00: [mem 0x000f0000-0x000fffff window]
<7>[    2.968088] pnp 00:00: [mem 0xe0000000-0xfeafffff window]
<7>[    2.968090] pnp 00:00: [mem 0x00010000-0x0001ffff window]
<7>[    2.968187] pnp 00:00: Plug and Play ACPI device, IDs PNP0a08 PNP0a03 (active)
<7>[    2.968216] pnp 00:01: [mem 0xfed40000-0xfed44fff]
<6>[    2.968247] system 00:01: [mem 0xfed40000-0xfed44fff] has been reserved
<7>[    2.968328] system 00:01: Plug and Play ACPI device, IDs PNP0c01 (active)
<7>[    2.968342] pnp 00:02: [io  0x0000-0x001f]
<7>[    2.968345] pnp 00:02: [io  0x0081-0x0091]
<7>[    2.968347] pnp 00:02: [io  0x0093-0x009f]
<7>[    2.968349] pnp 00:02: [io  0x00c0-0x00df]
<7>[    2.968352] pnp 00:02: [dma 4]
<7>[    2.968373] pnp 00:02: Plug and Play ACPI device, IDs PNP0200 (active)
<7>[    2.968383] pnp 00:03: [mem 0xff000000-0xffffffff]
<7>[    2.968404] pnp 00:03: Plug and Play ACPI device, IDs INT0800 (active)
<7>[    2.968478] pnp 00:04: [mem 0xfed00000-0xfed003ff]
<7>[    2.968502] pnp 00:04: Plug and Play ACPI device, IDs PNP0103 (active)
<7>[    2.968517] pnp 00:05: [io  0x002e-0x002f]
<7>[    2.968520] pnp 00:05: [io  0x004e-0x004f]
<7>[    2.968522] pnp 00:05: [io  0x0061]
<7>[    2.968524] pnp 00:05: [io  0x0063]
<7>[    2.968526] pnp 00:05: [io  0x0065]
<7>[    2.968528] pnp 00:05: [io  0x0067]
<7>[    2.968531] pnp 00:05: [io  0x0070]
<7>[    2.968533] pnp 00:05: [io  0x0080]
<7>[    2.968535] pnp 00:05: [io  0x0092]
<7>[    2.968537] pnp 00:05: [io  0x00b2-0x00b3]
<7>[    2.968539] pnp 00:05: [io  0x0680-0x069f]
<7>[    2.968542] pnp 00:05: [io  0x1000-0x100f]
<7>[    2.968544] pnp 00:05: [io  0xffff]
<7>[    2.968546] pnp 00:05: [io  0xffff]
<7>[    2.968549] pnp 00:05: [io  0x0400-0x0453]
<7>[    2.968551] pnp 00:05: [io  0x0458-0x047f]
<7>[    2.968553] pnp 00:05: [io  0x0500-0x057f]
<7>[    2.968555] pnp 00:05: [io  0x164e-0x164f]
<6>[    2.968592] system 00:05: [io  0x0680-0x069f] has been reserved
<6>[    2.968642] system 00:05: [io  0x1000-0x100f] has been reserved
<6>[    2.968691] system 00:05: [io  0xffff] has been reserved
<6>[    2.968740] system 00:05: [io  0xffff] has been reserved
<6>[    2.968788] system 00:05: [io  0x0400-0x0453] has been reserved
<6>[    2.968837] system 00:05: [io  0x0458-0x047f] has been reserved
<6>[    2.968886] system 00:05: [io  0x0500-0x057f] has been reserved
<6>[    2.968936] system 00:05: [io  0x164e-0x164f] has been reserved
<7>[    2.968988] system 00:05: Plug and Play ACPI device, IDs PNP0c02 (active)
<7>[    2.968998] pnp 00:06: [io  0x0070-0x0077]
<7>[    2.969001] xen: registering gsi 8 triggering 1 polarity 0
<6>[    2.969007] xen_map_pirq_gsi: returning irq 8 for gsi 8
<7>[    2.969056] xen: --> pirq=8 -> irq=8 (gsi=8)
<7>[    2.969063] pnp 00:06: [irq 8]
<7>[    2.969088] pnp 00:06: Plug and Play ACPI device, IDs PNP0b00 (active)
<7>[    2.969120] pnp 00:07: [io  0x0454-0x0457]
<6>[    2.969152] system 00:07: [io  0x0454-0x0457] has been reserved
<7>[    2.969203] system 00:07: Plug and Play ACPI device, IDs INT3f0d PNP0c02 (active)
<7>[    2.969323] pnp 00:08: [io  0x0000-0xffffffffffffffff disabled]
<7>[    2.969325] pnp 00:08: [io  0x0a00-0x0a1f]
<7>[    2.969327] pnp 00:08: [io  0x0a30-0x0a3f]
<7>[    2.969330] pnp 00:08: [io  0x0a20-0x0a2f]
<6>[    2.969364] system 00:08: [io  0x0a00-0x0a1f] has been reserved
<6>[    2.969414] system 00:08: [io  0x0a30-0x0a3f] has been reserved
<6>[    2.969464] system 00:08: [io  0x0a20-0x0a2f] has been reserved
<7>[    2.969515] system 00:08: Plug and Play ACPI device, IDs PNP0c02 (active)
<7>[    2.969770] pnp 00:09: [io  0x03f8-0x03ff]
<7>[    2.969773] xen: registering gsi 4 triggering 1 polarity 0
<6>[    2.969776] xen_map_pirq_gsi: returning irq 4 for gsi 4
<7>[    2.969825] xen: --> pirq=4 -> irq=4 (gsi=4)
<6>[    2.969828] Already setup the GSI :4
<7>[    2.969878] pnp 00:09: [irq 4]
<7>[    2.969881] pnp 00:09: [dma 0 disabled]
<7>[    2.969936] pnp 00:09: Plug and Play ACPI device, IDs PNP0501 (active)
<7>[    2.970063] pnp 00:0a: [io  0x0060]
<7>[    2.970066] pnp 00:0a: [io  0x0064]
<7>[    2.970068] xen: registering gsi 1 triggering 1 polarity 0
<6>[    2.970072] xen_map_pirq_gsi: returning irq 1 for gsi 1
<7>[    2.970121] xen: --> pirq=1 -> irq=1 (gsi=1)
<7>[    2.970126] pnp 00:0a: [irq 1]
<7>[    2.970158] pnp 00:0a: Plug and Play ACPI device, IDs PNP0303 PNP030b (active)
<7>[    2.970290] pnp 00:0b: [io  0x0010-0x001f]
<7>[    2.970292] pnp 00:0b: [io  0x0022-0x003f]
<7>[    2.970294] pnp 00:0b: [io  0x0044-0x005f]
<7>[    2.970297] pnp 00:0b: [io  0x0062-0x0063]
<7>[    2.970299] pnp 00:0b: [io  0x0065-0x006f]
<7>[    2.970301] pnp 00:0b: [io  0x0072-0x007f]
<7>[    2.970303] pnp 00:0b: [io  0x0080]
<7>[    2.970305] pnp 00:0b: [io  0x0084-0x0086]
<7>[    2.970308] pnp 00:0b: [io  0x0088]
<7>[    2.970310] pnp 00:0b: [io  0x008c-0x008e]
<7>[    2.970312] pnp 00:0b: [io  0x0090-0x009f]
<7>[    2.970314] pnp 00:0b: [io  0x00a2-0x00bf]
<7>[    2.970317] pnp 00:0b: [io  0x00e0-0x00ef]
<7>[    2.970319] pnp 00:0b: [io  0x04d0-0x04d1]
<6>[    2.970369] system 00:0b: [io  0x04d0-0x04d1] has been reserved
<7>[    2.970420] system 00:0b: Plug and Play ACPI device, IDs PNP0c02 (active)
<7>[    2.970430] pnp 00:0c: [io  0x00f0-0x00ff]
<7>[    2.970432] xen: registering gsi 13 triggering 1 polarity 0
<6>[    2.970436] xen_map_pirq_gsi: returning irq 13 for gsi 13
<7>[    2.970485] xen: --> pirq=13 -> irq=13 (gsi=13)
<7>[    2.970491] pnp 00:0c: [irq 13]
<7>[    2.970519] pnp 00:0c: Plug and Play ACPI device, IDs PNP0c04 (active)
<7>[    2.970900] pnp 00:0d: [mem 0xfed1c000-0xfed1ffff]
<7>[    2.970903] pnp 00:0d: [mem 0xfed10000-0xfed17fff]
<7>[    2.970905] pnp 00:0d: [mem 0xfed18000-0xfed18fff]
<7>[    2.970908] pnp 00:0d: [mem 0xfed19000-0xfed19fff]
<7>[    2.970910] pnp 00:0d: [mem 0xf8000000-0xfbffffff]
<7>[    2.970912] pnp 00:0d: [mem 0xfed20000-0xfed3ffff]
<7>[    2.970915] pnp 00:0d: [mem 0xfed90000-0xfed93fff]
<7>[    2.970917] pnp 00:0d: [mem 0xfed45000-0xfed8ffff]
<7>[    2.970919] pnp 00:0d: [mem 0xff000000-0xffffffff]
<7>[    2.970922] pnp 00:0d: [mem 0xfee00000-0xfeefffff]
<7>[    2.970924] pnp 00:0d: [mem 0xf0000000-0xf0000fff]
<6>[    2.971006] system 00:0d: [mem 0xfed1c000-0xfed1ffff] has been reserved
<6>[    2.971086] system 00:0d: [mem 0xfed10000-0xfed17fff] has been reserved
<6>[    2.971136] system 00:0d: [mem 0xfed18000-0xfed18fff] has been reserved
<6>[    2.971186] system 00:0d: [mem 0xfed19000-0xfed19fff] has been reserved
<6>[    2.971236] system 00:0d: [mem 0xf8000000-0xfbffffff] has been reserved
<6>[    2.971287] system 00:0d: [mem 0xfed20000-0xfed3ffff] has been reserved
<6>[    2.971337] system 00:0d: [mem 0xfed90000-0xfed93fff] has been reserved
<6>[    2.971386] system 00:0d: [mem 0xfed45000-0xfed8ffff] has been reserved
<6>[    2.971437] system 00:0d: [mem 0xff000000-0xffffffff] has been reserved
<6>[    2.971486] system 00:0d: [mem 0xfee00000-0xfeefffff] could not be reserved
<6>[    2.971537] system 00:0d: [mem 0xf0000000-0xf0000fff] has been reserved
<7>[    2.971587] system 00:0d: Plug and Play ACPI device, IDs PNP0c02 (active)
<6>[    2.971784] pnp: PnP ACPI: found 14 devices
<6>[    2.971832] ACPI: ACPI bus type pnp unregistered
<6>[    2.971882] PnPBIOS: Disabled
<6>[    2.976374] PM-Timer failed consistency check  (0x0xffffff) - aborting.
<7>[    2.976430] PCI: max bus depth: 1 pci_try_num: 2
<6>[    2.976480] pci 0000:00:01.0: PCI bridge to [bus 01-01]
<6>[    2.976531] pci 0000:00:01.0:   bridge window [io  0xe000-0xefff]
<6>[    2.976586] pci 0000:00:01.0:   bridge window [mem 0xf7e00000-0xf7efffff]
<6>[    2.976670] pci 0000:00:01.0:   bridge window [mem 0xe0000000-0xefffffff 64bit pref]
<6>[    2.976733] pci 0000:00:1c.0: PCI bridge to [bus 02-02]
<6>[    2.976807] pci 0000:00:1c.5: PCI bridge to [bus 03-03]
<6>[    2.976862] pci 0000:00:1c.5:   bridge window [io  0xd000-0xdfff]
<6>[    2.976920] pci 0000:00:1c.5:   bridge window [mem 0xf7d00000-0xf7dfffff]
<7>[    2.976991] xen: registering gsi 16 triggering 0 polarity 1
<7>[    2.977000] xen: --> pirq=16 -> irq=16 (gsi=16)
<6>[    2.977005] pci 0000:00:01.0: PCI INT A -> GSI 16 (level, low) -> IRQ 16
<7>[    2.977061] pci 0000:00:01.0: setting latency timer to 64
<7>[    2.977072] xen: registering gsi 16 triggering 0 polarity 1
<6>[    2.977075] xen_map_pirq_gsi: returning irq 16 for gsi 16
<7>[    2.977125] xen: --> pirq=16 -> irq=16 (gsi=16)
<6>[    2.977127] Already setup the GSI :16
<6>[    2.977177] pci 0000:00:1c.0: PCI INT A -> GSI 16 (level, low) -> IRQ 16
<7>[    2.977233] pci 0000:00:1c.0: setting latency timer to 64
<7>[    2.977245] xen: registering gsi 17 triggering 0 polarity 1
<7>[    2.977251] xen: --> pirq=17 -> irq=17 (gsi=17)
<6>[    2.977255] pci 0000:00:1c.5: PCI INT B -> GSI 17 (level, low) -> IRQ 17
<7>[    2.977313] pci 0000:00:1c.5: setting latency timer to 64
<7>[    2.977319] pci_bus 0000:00: resource 4 [io  0x0000-0x0cf7]
<7>[    2.977321] pci_bus 0000:00: resource 5 [io  0x0d00-0xffff]
<7>[    2.977324] pci_bus 0000:00: resource 6 [mem 0x000a0000-0x000bffff]
<7>[    2.977326] pci_bus 0000:00: resource 7 [mem 0x000d4000-0x000d7fff]
<7>[    2.977329] pci_bus 0000:00: resource 8 [mem 0x000d8000-0x000dbfff]
<7>[    2.977332] pci_bus 0000:00: resource 9 [mem 0x000dc000-0x000dffff]
<7>[    2.977334] pci_bus 0000:00: resource 10 [mem 0x000e0000-0x000e3fff]
<7>[    2.977337] pci_bus 0000:00: resource 11 [mem 0x000e4000-0x000e7fff]
<7>[    2.977339] pci_bus 0000:00: resource 12 [mem 0xe0000000-0xfeafffff]
<7>[    2.977342] pci_bus 0000:01: resource 0 [io  0xe000-0xefff]
<7>[    2.977345] pci_bus 0000:01: resource 1 [mem 0xf7e00000-0xf7efffff]
<7>[    2.977347] pci_bus 0000:01: resource 2 [mem 0xe0000000-0xefffffff 64bit pref]
<7>[    2.977350] pci_bus 0000:03: resource 0 [io  0xd000-0xdfff]
<7>[    2.977353] pci_bus 0000:03: resource 1 [mem 0xf7d00000-0xf7dfffff]
<6>[    2.977375] NET: Registered protocol family 2
<6>[    2.977457] IP route cache hash table entries: 32768 (order: 5, 131072 bytes)
<6>[    2.977616] TCP established hash table entries: 131072 (order: 8, 1048576 bytes)
<6>[    2.977849] TCP bind hash table entries: 65536 (order: 7, 524288 bytes)
<6>[    2.978062] TCP: Hash tables configured (established 131072 bind 65536)
<6>[    2.978113] TCP reno registered
<6>[    2.978162] UDP hash table entries: 512 (order: 2, 16384 bytes)
<6>[    2.978216] UDP-Lite hash table entries: 512 (order: 2, 16384 bytes)
<6>[    2.978304] NET: Registered protocol family 1
<7>[    3.010014] pci 0000:01:00.0: Boot video device
<7>[    3.010030] PCI: CLS 64 bytes, default 64
<6>[    3.010061] Trying to unpack rootfs image as initramfs...
<6>[    3.071109] Freeing initrd memory: 43620k freed
<6>[    3.077619] audit: initializing netlink socket (disabled)
<5>[    3.077680] type=2000 audit(1414853206.021:1): initialized
<4>[    3.096094] highmem bounce pool size: 64 pages
<6>[    3.096151] HugeTLB registered 2 MB page size, pre-allocated 0 pages
<5>[    3.097145] VFS: Disk quotas dquot_6.5.2
<4>[    3.097233] Dquot-cache hash table entries: 1024 (order 0, 4096 bytes)
<6>[    3.097620] fuse init (API version 7.17)
<6>[    3.097726] msgmni has been set to 1179
<6>[    3.098055] Block layer SCSI generic (bsg) driver version 0.4 loaded (major 253)
<6>[    3.098135] io scheduler noop registered
<6>[    3.098184] io scheduler deadline registered
<6>[    3.098235] io scheduler cfq registered (default)
<7>[    3.098362] pcieport 0000:00:01.0: setting latency timer to 64
<6>[    3.098729] pci_hotplug: PCI Hot Plug PCI Core version: 0.5
<6>[    3.098793] pciehp: PCI Express Hot Plug Controller Driver version: 0.4
<6>[    3.098966] input: Power Button as /devices/LNXSYSTM:00/device:00/PNP0C0C:00/input/input0
<6>[    3.099026] ACPI: Power Button [PWRB]
<6>[    3.099101] input: Power Button as /devices/LNXSYSTM:00/LNXPWRBN:00/input/input1
<6>[    3.099159] ACPI: Power Button [PWRF]
<6>[    3.099275] ACPI: Fan [FAN0] (off)
<6>[    3.099349] ACPI: Fan [FAN1] (off)
<6>[    3.099426] ACPI: Fan [FAN2] (off)
<6>[    3.099499] ACPI: Fan [FAN3] (off)
<6>[    3.099574] ACPI: Fan [FAN4] (off)
<6>[    3.102234] thermal LNXTHERM:00: registered as thermal_zone0
<6>[    3.102286] ACPI: Thermal Zone [TZ00] (28 C)
<6>[    3.102528] thermal LNXTHERM:01: registered as thermal_zone1
<6>[    3.102578] ACPI: Thermal Zone [TZ01] (30 C)
<6>[    3.102665] ERST: Table is not found!
<6>[    3.102714] GHES: HEST is not enabled!
<6>[    3.102788] isapnp: Scanning for PnP cards...
<6>[    3.457790] isapnp: No Plug & Play device found
<6>[    3.458057] Serial: 8250/16550 driver, 32 ports, IRQ sharing enabled
<4>[    3.459111] hpet_acpi_add: no address or irqs in _CRS
<6>[    3.459173] Linux agpgart interface v0.103
<6>[    3.460163] brd: module loaded
<6>[    3.467267] loop: module loaded
<7>[    3.467415] ata_piix 0000:00:1f.2: version 2.13
<7>[    3.467429] xen: registering gsi 19 triggering 0 polarity 1
<7>[    3.467441] xen: --> pirq=19 -> irq=19 (gsi=19)
<6>[    3.467448] ata_piix 0000:00:1f.2: PCI INT B -> GSI 19 (level, low) -> IRQ 19
<6>[    3.467505] ata_piix 0000:00:1f.2: MAP [ P0 P2 P1 P3 ]
<7>[    3.622015] ata_piix 0000:00:1f.2: setting latency timer to 64
<6>[    3.622222] scsi0 : ata_piix
<6>[    3.622320] scsi1 : ata_piix
<6>[    3.622590] ata1: SATA max UDMA/133 cmd 0xf0d0 ctl 0xf0c0 bmdma 0xf090 irq 19
<6>[    3.622649] ata2: SATA max UDMA/133 cmd 0xf0b0 ctl 0xf0a0 bmdma 0xf098 irq 19
<7>[    3.622716] xen: registering gsi 19 triggering 0 polarity 1
<6>[    3.622720] xen_map_pirq_gsi: returning irq 19 for gsi 19
<7>[    3.622770] xen: --> pirq=19 -> irq=19 (gsi=19)
<6>[    3.622773] Already setup the GSI :19
<6>[    3.622822] ata_piix 0000:00:1f.5: PCI INT B -> GSI 19 (level, low) -> IRQ 19
<6>[    3.622879] ata_piix 0000:00:1f.5: MAP [ P0 -- P1 -- ]
<7>[    3.778006] ata_piix 0000:00:1f.5: setting latency timer to 64
<6>[    3.778154] scsi2 : ata_piix
<6>[    3.778242] scsi3 : ata_piix
<6>[    3.778435] ata3: SATA max UDMA/133 cmd 0xf070 ctl 0xf060 bmdma 0xf030 irq 19
<6>[    3.778490] ata4: SATA max UDMA/133 cmd 0xf050 ctl 0xf040 bmdma 0xf038 irq 19
<6>[    3.778754] Fixed MDIO Bus: probed
<6>[    3.778814] tun: Universal TUN/TAP device driver, 1.6
<6>[    3.778864] tun: (C) 1999-2004 Max Krasnyansky <maxk@qualcomm.com>
<4>[    3.778958] arcnet loaded.
<6>[    3.779007] PPP generic driver version 2.4.2
<6>[    3.779122] ehci_hcd: USB 2.0 'Enhanced' Host Controller (EHCI) Driver
<7>[    3.779186] xen: registering gsi 16 triggering 0 polarity 1
<6>[    3.779190] xen_map_pirq_gsi: returning irq 16 for gsi 16
<7>[    3.779239] xen: --> pirq=16 -> irq=16 (gsi=16)
<6>[    3.779242] Already setup the GSI :16
<6>[    3.782799] ehci_hcd 0000:00:1a.0: PCI INT A -> GSI 16 (level, low) -> IRQ 16
<7>[    3.782935] ehci_hcd 0000:00:1a.0: setting latency timer to 64
<6>[    3.782941] ehci_hcd 0000:00:1a.0: EHCI Host Controller
<6>[    3.783019] ehci_hcd 0000:00:1a.0: new USB bus registered, assigned bus number 1
<6>[    3.783123] ehci_hcd 0000:00:1a.0: debug port 2
<7>[    3.787055] ehci_hcd 0000:00:1a.0: cache line size of 64 is not supported
<6>[    3.787075] ehci_hcd 0000:00:1a.0: irq 16, io mem 0xf7f07000
<6>[    3.801966] ehci_hcd 0000:00:1a.0: USB 2.0 started, EHCI 1.00
<6>[    3.802128] hub 1-0:1.0: USB hub found
<6>[    3.802179] hub 1-0:1.0: 2 ports detected
<7>[    3.802273] xen: registering gsi 23 triggering 0 polarity 1
<7>[    3.802282] xen: --> pirq=23 -> irq=23 (gsi=23)
<6>[    3.802287] ehci_hcd 0000:00:1d.0: PCI INT A -> GSI 23 (level, low) -> IRQ 23
<7>[    3.802351] ehci_hcd 0000:00:1d.0: setting latency timer to 64
<6>[    3.802357] ehci_hcd 0000:00:1d.0: EHCI Host Controller
<6>[    3.802435] ehci_hcd 0000:00:1d.0: new USB bus registered, assigned bus number 2
<6>[    3.802539] ehci_hcd 0000:00:1d.0: debug port 2
<7>[    3.806465] ehci_hcd 0000:00:1d.0: cache line size of 64 is not supported
<6>[    3.806484] ehci_hcd 0000:00:1d.0: irq 23, io mem 0xf7f06000
<6>[    3.821969] ehci_hcd 0000:00:1d.0: USB 2.0 started, EHCI 1.00
<6>[    3.822117] hub 2-0:1.0: USB hub found
<6>[    3.822168] hub 2-0:1.0: 2 ports detected
<6>[    3.822256] ohci_hcd: USB 1.1 'Open' Host Controller (OHCI) Driver
<6>[    3.822313] uhci_hcd: USB Universal Host Controller Interface driver
<6>[    3.822391] usbcore: registered new interface driver libusual
<6>[    3.822471] i8042: PNP: PS/2 Controller [PNP0303:PS2K] at 0x60,0x64 irq 1
<4>[    3.822522] i8042: PNP: PS/2 appears to have AUX port disabled, if this is incorrect please boot with i8042.nopnp
<6>[    3.823239] serio: i8042 KBD port at 0x60,0x64 irq 1
<6>[    3.823357] mousedev: PS/2 mouse device common for all mice
<6>[    3.823505] rtc_cmos 00:06: RTC can wake from S4
<6>[    3.823669] rtc_cmos 00:06: rtc core: registered rtc_cmos as rtc0
<6>[    3.823752] rtc0: alarms up to one month, y3k, 242 bytes nvram
<6>[    3.823834] device-mapper: uevent: version 1.0.3
<6>[    3.823927] device-mapper: ioctl: 4.22.0-ioctl (2011-10-19) initialised: dm-devel@redhat.com
<6>[    3.824004] EISA: Probing bus 0 at eisa.0
<4>[    3.824054] EISA: Cannot allocate resource for mainboard
<4>[    3.824103] Cannot allocate resource for EISA slot 1
<4>[    3.824152] Cannot allocate resource for EISA slot 2
<4>[    3.824201] Cannot allocate resource for EISA slot 3
<4>[    3.824251] Cannot allocate resource for EISA slot 4
<4>[    3.824300] Cannot allocate resource for EISA slot 5
<4>[    3.824350] Cannot allocate resource for EISA slot 6
<4>[    3.824399] Cannot allocate resource for EISA slot 7
<4>[    3.824449] Cannot allocate resource for EISA slot 8
<6>[    3.824498] EISA: Detected 0 cards.
<6>[    3.824550] cpufreq-nforce2: No nForce2 chipset.
<6>[    3.824600] EFI Variables Facility v0.08 2004-May-17
<6>[    3.824775] TCP cubic registered
<6>[    3.824903] NET: Registered protocol family 10
<6>[    3.825270] NET: Registered protocol family 17
<5>[    3.825327] Registering the dns_resolver key type
<6>[    3.825389] Using IPI No-Shortcut mode
<7>[    3.825503] PM: Hibernation image not present or could not be loaded.
<6>[    3.825511] registered taskstats version 1
<6>[    3.833880]   Magic number: 6:824:787
<6>[    3.833934] bdi 7:117: hash matches
<6>[    3.834046] rtc_cmos 00:06: setting system clock to 2014-11-01 14:46:45 UTC (1414853205)
<6>[    3.834343] BIOS EDD facility v0.16 2004-Jun-25, 0 devices found
<6>[    3.834394] EDD information not available.
<6>[    3.843205] input: AT Translated Set 2 keyboard as /devices/platform/i8042/serio0/input/input2
<6>[    4.113969] usb 1-1: new high-speed USB device number 2 using ehci_hcd
<6>[    4.246489] hub 1-1:1.0: USB hub found
<6>[    4.246699] hub 1-1:1.0: 4 ports detected
<6>[    4.258068] ata3: SATA link up 1.5 Gbps (SStatus 113 SControl 300)
<6>[    4.266132] ata3.00: ATAPI: HL-DT-STDVD-RAM GH82N, KU02, max UDMA/133
<6>[    4.282125] ata3.00: configured for UDMA/133
<6>[    4.357990] usb 2-1: new high-speed USB device number 2 using ehci_hcd
<6>[    4.490482] hub 2-1:1.0: USB hub found
<6>[    4.490692] hub 2-1:1.0: 6 ports detected
<6>[    4.562066] usb 1-1.1: new low-speed USB device number 3 using ehci_hcd
<4>[    4.649976] ata2.00: failed to resume link (SControl 0)
<4>[    4.817969] ata4: failed to resume link (SControl 0)
<6>[    4.830037] ata4: SATA link down (SStatus 4 SControl 0)
<4>[    4.969968] ata1.01: failed to resume link (SControl 0)
<6>[    5.126108] ata1.00: SATA link up 3.0 Gbps (SStatus 123 SControl 300)
<6>[    5.126186] ata1.01: SATA link down (SStatus 0 SControl 0)
<6>[    5.134558] ata1.00: ATA-8: ST500DM002-1BD142, KC65, max UDMA/100
<6>[    5.134609] ata1.00: 976773168 sectors, multi 16: LBA48 NCQ (depth 0/32)
<6>[    5.150547] ata1.00: configured for UDMA/100
<5>[    5.150683] scsi 0:0:0:0: Direct-Access     ATA      ST500DM002-1BD14 KC65 PQ: 0 ANSI: 5
<5>[    5.150860] sd 0:0:0:0: [sda] 976773168 512-byte logical blocks: (500 GB/465 GiB)
<5>[    5.150918] sd 0:0:0:0: [sda] 4096-byte physical blocks
<5>[    5.151027] sd 0:0:0:0: [sda] Write Protect is off
<7>[    5.151076] sd 0:0:0:0: [sda] Mode Sense: 00 3a 00 00
<5>[    5.151101] sd 0:0:0:0: Attached scsi generic sg0 type 0
<5>[    5.151187] sd 0:0:0:0: [sda] Write cache: enabled, read cache: enabled, doesn't support DPO or FUA
<6>[    5.247416]  sda: sda1 sda3 < sda5 sda6 sda7 sda8 sda9 sda10 >
<5>[    5.247821] sd 0:0:0:0: [sda] Attached SCSI disk
<4>[    5.677969] ata2.01: failed to resume link (SControl 0)
<6>[    5.690046] ata2.00: SATA link down (SStatus 4 SControl 0)
<6>[    5.690127] ata2.01: SATA link down (SStatus 0 SControl 0)
<5>[    5.693298] scsi 2:0:0:0: CD-ROM            HL-DT-ST DVD-RAM GH82N    KU02 PQ: 0 ANSI: 5
<4>[    5.701023] sr0: scsi3-mmc drive: 40x/40x writer dvd-ram cd/rw xa/form2 cdda tray
<6>[    5.701083] cdrom: Uniform CD-ROM driver Revision: 3.20
<7>[    5.701196] sr 2:0:0:0: Attached scsi CD-ROM sr0
<5>[    5.701321] sr 2:0:0:0: Attached scsi generic sg1 type 5
<6>[    5.701582] Freeing unused kernel memory: 728k freed
<6>[    5.702818] Write protecting the kernel text: 5620k
<6>[    5.703267] Write protecting the kernel read-only data: 2184k
<6>[    5.703317] NX-protecting the kernel data: 4620k
<30>[    5.737459] udevd[92]: starting version 175
<6>[    6.199895] r8169 Gigabit Ethernet driver 2.3LK-NAPI loaded
<7>[    6.199993] xen: registering gsi 17 triggering 0 polarity 1
<6>[    6.199999] xen_map_pirq_gsi: returning irq 17 for gsi 17
<7>[    6.200050] xen: --> pirq=17 -> irq=17 (gsi=17)
<6>[    6.200053] Already setup the GSI :17
<6>[    6.200104] r8169 0000:03:00.0: PCI INT A -> GSI 17 (level, low) -> IRQ 17
<7>[    6.200190] r8169 0000:03:00.0: setting latency timer to 64
<6>[    6.200623] r8169 0000:03:00.0: eth0: RTL8168e/8111e at 0xedc62000, 74:27:ea:17:c6:a8, XID 0c200000 IRQ 281
<6>[    6.200683] r8169 0000:03:00.0: eth0: jumbo features [frames: 9200 bytes, tx checksumming: ko]
<6>[    6.218307] input: Lenovo Optical USB Mouse as /devices/pci0000:00/0000:00:1a.0/usb1/1-1/1-1.1/1-1.1:1.0/input/input3
<6>[    6.218443] generic-usb 0003:17EF:6019.0001: input,hidraw0: USB HID v1.11 Mouse [Lenovo Optical USB Mouse] on usb-0000:00:1a.0-1.1/input0
<6>[    6.218514] usbcore: registered new interface driver usbhid
<6>[    6.218564] usbhid: USB HID core driver
<6>[    6.652409] EXT4-fs (sda9): mounted filesystem with ordered data mode. Opts: (null)
<4>[    7.406210] init: ureadahead main process (368) terminated with status 5
<6>[    8.356122] Adding 3952636k swap on /dev/sda8.  Priority:-1 extents:1 across:3952636k 
<6>[    8.778735] EXT4-fs (sda9): re-mounted. Opts: errors=remount-ro
<30>[    9.532812] udevd[533]: starting version 175
<6>[   10.122727] lp: driver loaded but no devices found
<6>[   10.792080] wmi: Mapper loaded
<4>[   10.897868] mei: module is from the staging directory, the quality is unknown, you have been warned.
<7>[   10.898608] xen: registering gsi 16 triggering 0 polarity 1
<6>[   10.898615] xen_map_pirq_gsi: returning irq 16 for gsi 16
<7>[   10.898617] xen: --> pirq=16 -> irq=16 (gsi=16)
<6>[   10.898620] Already setup the GSI :16
<6>[   10.898624] mei 0000:00:16.0: PCI INT A -> GSI 16 (level, low) -> IRQ 16
<7>[   10.898633] mei 0000:00:16.0: setting latency timer to 64
<7>[   12.607980] xen: registering gsi 22 triggering 0 polarity 1
<7>[   12.607996] xen: --> pirq=22 -> irq=22 (gsi=22)
<6>[   12.608003] snd_hda_intel 0000:00:1b.0: PCI INT A -> GSI 22 (level, low) -> IRQ 22
<7>[   12.608146] snd_hda_intel 0000:00:1b.0: setting latency timer to 64
<6>[   12.784078] input: HDA Intel PCH Headphone as /devices/pci0000:00/0000:00:1b.0/sound/card0/input4
<7>[   12.792988] xen: registering gsi 17 triggering 0 polarity 1
<6>[   12.792994] xen_map_pirq_gsi: returning irq 17 for gsi 17
<7>[   12.792997] xen: --> pirq=17 -> irq=17 (gsi=17)
<6>[   12.793000] Already setup the GSI :17
<6>[   12.793003] snd_hda_intel 0000:01:00.1: PCI INT B -> GSI 17 (level, low) -> IRQ 17
<7>[   12.793148] snd_hda_intel 0000:01:00.1: setting latency timer to 64
<6>[   13.164973] ppdev: user-space parallel port driver
<6>[   13.188998] HDMI status: Codec=0 Pin=3 Presence_Detect=0 ELD_Valid=0
<6>[   13.189080] input: HD-Audio Generic HDMI/DP,pcm=3 as /devices/pci0000:00/0000:00:01.0/0000:01:00.1/sound/card1/input5
<6>[   13.271496] Bluetooth: Core ver 2.16
<6>[   13.271540] NET: Registered protocol family 31
<6>[   13.271543] Bluetooth: HCI device and connection manager initialized
<6>[   13.271545] Bluetooth: HCI socket layer initialized
<6>[   13.271548] Bluetooth: L2CAP socket layer initialized
<6>[   13.271973] Bluetooth: SCO socket layer initialized
<6>[   13.306470] Bluetooth: RFCOMM TTY layer initialized
<6>[   13.306477] Bluetooth: RFCOMM socket layer initialized
<6>[   13.306479] Bluetooth: RFCOMM ver 1.11
<4>[   13.545177] init: failsafe main process (1132) killed by TERM signal
<6>[   13.914339] Bluetooth: BNEP (Ethernet Emulation) ver 1.3
<6>[   13.914342] Bluetooth: BNEP filters: protocol multicast
<4>[   15.571753] init: udev-fallback-graphics main process (1279) terminated with status 1
<6>[   17.165473] r8169 0000:03:00.0: eth0: link down
<6>[   17.165797] ADDRCONF(NETDEV_UP): eth0: link is not ready
<4>[   49.824387] init: plymouth-stop pre-start process (1731) terminated with status 1
<4>[   53.093951] hda-intel: azx_get_response timeout, switching to polling mode: last cmd=0x003f0700
<4>[   54.104174] hda-intel: No response from codec, disabling MSI: last cmd=0x003f0700
<3>[   56.129963] hda_intel: azx_get_response timeout, switching to single_cmd mode: last cmd=0x00270600
<4>[   99.267486] Disabling lock debugging due to kernel taint
<4>[   99.268226] timing on .

<4>[  112.703423] PGD alloc:(average:78086ns per 51)
<4>[  112.703426] PGD free:(average:29639ns per 46)
<4>[  112.703428] PMD alloc:(average:58510ns per 200)
<4>[  112.703430] PMD free:(average:32280ns per 184)
<4>[  112.703433] PTE alloc:(average:72244ns per 660)
<4>[  112.703435] PTE free:(average:30358ns per 500)
<4>[  112.703437] 
<4>[  122.944802] PGD alloc:(average:79250ns per 112)
<4>[  122.944805] PGD free:(average:30110ns per 110)
<4>[  122.944807] PMD alloc:(average:59338ns per 448)
<4>[  122.944810] PMD free:(average:32993ns per 440)
<4>[  122.944812] PTE alloc:(average:69355ns per 1373)
<4>[  122.944814] PTE free:(average:32627ns per 1322)
<4>[  122.944816] 
<4>[  133.242192] PGD alloc:(average:78580ns per 116)
<4>[  133.242195] PGD free:(average:32075ns per 115)
<4>[  133.242198] PMD alloc:(average:62360ns per 464)
<4>[  133.242200] PMD free:(average:32487ns per 460)
<4>[  133.242202] PTE alloc:(average:68779ns per 1363)
<4>[  133.242204] PTE free:(average:32061ns per 1329)
<4>[  133.242206] 
<4>[  143.378380] PGD alloc:(average:77992ns per 90)
<4>[  143.378384] PGD free:(average:30482ns per 90)
<4>[  143.378386] PMD alloc:(average:58962ns per 360)
<4>[  143.378388] PMD free:(average:32862ns per 360)
<4>[  143.378391] PTE alloc:(average:69058ns per 1108)
<4>[  143.378393] PTE free:(average:30914ns per 1106)
<4>[  143.378395] 
<4>[  152.405521] PGD alloc:(average:78148ns per 80)
<4>[  152.405524] PGD free:(average:29707ns per 80)
<4>[  152.405526] PMD alloc:(average:59715ns per 320)
<4>[  152.405529] PMD free:(average:33195ns per 320)
<4>[  152.405531] PTE alloc:(average:69024ns per 974)
<4>[  152.405533] PTE free:(average:32569ns per 973)
<4>[  152.405535] 
<4>[  162.543649] PGD alloc:(average:77841ns per 90)
<4>[  162.543652] PGD free:(average:30350ns per 90)
<4>[  162.543655] PMD alloc:(average:68388ns per 360)
<4>[  162.543657] PMD free:(average:33029ns per 360)
<4>[  162.543659] PTE alloc:(average:75926ns per 1104)
<4>[  162.543661] PTE free:(average:32012ns per 1101)
<4>[  162.543663] 

<4>[  172.677706] PGD alloc:(average:77566ns per 90)
<4>[  172.677710] PGD free:(average:29760ns per 90)
<4>[  172.677712] PMD alloc:(average:58833ns per 360)
<4>[  172.677714] PMD free:(average:32330ns per 360)
<4>[  172.677716] PTE alloc:(average:68727ns per 1092)
<4>[  172.677718] PTE free:(average:31733ns per 1088)
<4>[  172.677721] 
<4>[  182.845604] PGD alloc:(average:78404ns per 94)
<4>[  182.845607] PGD free:(average:30179ns per 93)
<4>[  182.845609] PMD alloc:(average:58849ns per 376)
<4>[  182.845611] PMD free:(average:32889ns per 372)
<4>[  182.845614] PTE alloc:(average:70128ns per 1149)
<4>[  182.845616] PTE free:(average:31479ns per 1134)
<4>[  182.845618] 
<4>[  192.989326] PGD alloc:(average:78212ns per 90)
<4>[  192.989329] PGD free:(average:30104ns per 90)
<4>[  192.989331] PMD alloc:(average:58929ns per 360)
<4>[  192.989334] PMD free:(average:32736ns per 360)
<4>[  192.989336] PTE alloc:(average:68820ns per 1109)
<4>[  192.989338] PTE free:(average:30995ns per 1106)
<4>[  192.989340] 
<4>[  203.188088] PGD alloc:(average:78593ns per 90)
<4>[  203.188091] PGD free:(average:30154ns per 90)
<4>[  203.188093] PMD alloc:(average:58977ns per 360)
<4>[  203.188096] PMD free:(average:32917ns per 360)
<4>[  203.188098] PTE alloc:(average:69101ns per 1110)
<4>[  203.188100] PTE free:(average:30414ns per 1107)
<4>[  203.188102] 
<4>[  213.337393] PGD alloc:(average:78045ns per 90)
<4>[  213.337397] PGD free:(average:30325ns per 90)
<4>[  213.337399] PMD alloc:(average:59026ns per 360)
<4>[  213.337402] PMD free:(average:33491ns per 360)
<4>[  213.337404] PTE alloc:(average:69801ns per 1093)
<4>[  213.337406] PTE free:(average:32916ns per 1092)
<4>[  213.337408] 
<4>[  222.386068] PGD alloc:(average:77718ns per 80)
<4>[  222.386071] PGD free:(average:30341ns per 80)
<4>[  222.386074] PMD alloc:(average:58944ns per 320)
<4>[  222.386076] PMD free:(average:32793ns per 320)
<4>[  222.386078] PTE alloc:(average:69277ns per 979)
<4>[  222.386080] PTE free:(average:31311ns per 973)
<4>[  222.386082] 

<4>[  232.545122] PGD alloc:(average:78730ns per 90)
<4>[  232.545125] PGD free:(average:30508ns per 90)
<4>[  232.545128] PMD alloc:(average:59552ns per 360)
<4>[  232.545130] PMD free:(average:33065ns per 360)
<4>[  232.545132] PTE alloc:(average:69452ns per 1104)
<4>[  232.545134] PTE free:(average:30234ns per 1098)
<4>[  232.545136] 
<4>[  242.707296] PGD alloc:(average:88091ns per 90)
<4>[  242.707299] PGD free:(average:35121ns per 90)
<4>[  242.707301] PMD alloc:(average:59001ns per 360)
<4>[  242.707303] PMD free:(average:32630ns per 360)
<4>[  242.707306] PTE alloc:(average:69554ns per 1114)
<4>[  242.707308] PTE free:(average:30132ns per 1112)
<4>[  242.707310] 
<4>[  252.852204] PGD alloc:(average:78955ns per 90)
<4>[  252.852207] PGD free:(average:30253ns per 90)
<4>[  252.852209] PMD alloc:(average:59201ns per 360)
<4>[  252.852212] PMD free:(average:32815ns per 360)
<4>[  252.852214] PTE alloc:(average:88846ns per 1102)
<4>[  252.852216] PTE free:(average:30657ns per 1097)
<4>[  252.852218] 
<4>[  262.491306] PGD alloc:(average:76973ns per 64)
<4>[  262.491310] PGD free:(average:30109ns per 64)
<4>[  262.491312] PMD alloc:(average:59335ns per 256)
<4>[  262.491314] PMD free:(average:35326ns per 256)
<4>[  262.491317] PTE alloc:(average:68425ns per 759)
<4>[  262.491319] PTE free:(average:32602ns per 754)
<4>[  262.491321] 
<4>[  272.609644] PGD alloc:(average:78173ns per 90)
<4>[  272.609648] PGD free:(average:30357ns per 90)
<4>[  272.609650] PMD alloc:(average:59137ns per 360)
<4>[  272.609652] PMD free:(average:33670ns per 360)
<4>[  272.609654] PTE alloc:(average:69055ns per 1083)
<4>[  272.609657] PTE free:(average:32761ns per 1083)
<4>[  272.609659] 
<4>[  282.763545] PGD alloc:(average:77738ns per 90)
<4>[  282.763548] PGD free:(average:29831ns per 90)
<4>[  282.763550] PMD alloc:(average:74348ns per 360)
<4>[  282.763552] PMD free:(average:32959ns per 360)
<4>[  282.763555] PTE alloc:(average:69160ns per 1095)
<4>[  282.763557] PTE free:(average:32783ns per 1090)
<4>[  282.763559] 

<4>[  292.898887] PGD alloc:(average:78052ns per 90)
<4>[  292.898891] PGD free:(average:29854ns per 90)
<4>[  292.898893] PMD alloc:(average:59325ns per 360)
<4>[  292.898895] PMD free:(average:33305ns per 360)
<4>[  292.898897] PTE alloc:(average:69302ns per 1100)
<4>[  292.898899] PTE free:(average:32154ns per 1098)
<4>[  292.898902] 
<4>[  303.056019] PGD alloc:(average:77636ns per 90)
<4>[  303.056022] PGD free:(average:30336ns per 90)
<4>[  303.056025] PMD alloc:(average:58890ns per 360)
<4>[  303.056027] PMD free:(average:32951ns per 360)
<4>[  303.056029] PTE alloc:(average:71289ns per 1103)
<4>[  303.056031] PTE free:(average:31819ns per 1100)
<4>[  303.056033] 
<4>[  313.214721] PGD alloc:(average:78074ns per 90)
<4>[  313.214725] PGD free:(average:29980ns per 90)
<4>[  313.214727] PMD alloc:(average:59100ns per 360)
<4>[  313.214729] PMD free:(average:32929ns per 360)
<4>[  313.214731] PTE alloc:(average:69269ns per 1102)
<4>[  313.214733] PTE free:(average:31518ns per 1097)
<4>[  313.214735] 
<4>[  323.348961] PGD alloc:(average:77460ns per 90)
<4>[  323.348964] PGD free:(average:29964ns per 90)
<4>[  323.348967] PMD alloc:(average:59755ns per 360)
<4>[  323.348969] PMD free:(average:36526ns per 360)
<4>[  323.348971] PTE alloc:(average:69349ns per 1078)
<4>[  323.348973] PTE free:(average:33016ns per 1075)
<4>[  323.348975] 
<4>[  332.361624] PGD alloc:(average:78162ns per 80)
<4>[  332.361627] PGD free:(average:30218ns per 80)
<4>[  332.361630] PMD alloc:(average:59290ns per 320)
<4>[  332.361632] PMD free:(average:32764ns per 320)
<4>[  332.361634] PTE alloc:(average:70377ns per 970)
<4>[  332.361636] PTE free:(average:28966ns per 967)
<4>[  332.361638] 
<4>[  342.497481] PGD alloc:(average:78793ns per 90)
<4>[  342.497484] PGD free:(average:29548ns per 90)
<4>[  342.497486] PMD alloc:(average:59435ns per 360)
<4>[  342.497488] PMD free:(average:32044ns per 360)
<4>[  342.497491] PTE alloc:(average:69605ns per 1098)
<4>[  342.497493] PTE free:(average:32403ns per 1095)
<4>[  342.497495] 

<4>[  352.636090] PGD alloc:(average:78794ns per 90)
<4>[  352.636094] PGD free:(average:30127ns per 90)
<4>[  352.636096] PMD alloc:(average:59738ns per 360)
<4>[  352.636098] PMD free:(average:32873ns per 360)
<4>[  352.636101] PTE alloc:(average:69964ns per 1099)
<4>[  352.636103] PTE free:(average:30948ns per 1095)
<4>[  352.636105] 
<4>[  362.783463] PGD alloc:(average:77923ns per 90)
<4>[  362.783466] PGD free:(average:30116ns per 90)
<4>[  362.783468] PMD alloc:(average:59495ns per 360)
<4>[  362.783471] PMD free:(average:33156ns per 360)
<4>[  362.783473] PTE alloc:(average:69276ns per 1114)
<4>[  362.783475] PTE free:(average:31442ns per 1110)
<4>[  362.783477] 
<4>[  372.942607] PGD alloc:(average:86248ns per 90)
<4>[  372.942611] PGD free:(average:29288ns per 90)
<4>[  372.942613] PMD alloc:(average:72392ns per 360)
<4>[  372.942616] PMD free:(average:32244ns per 360)
<4>[  372.942618] PTE alloc:(average:70938ns per 1096)
<4>[  372.942620] PTE free:(average:32611ns per 1093)
<4>[  372.942622] 
<4>[  383.092739] PGD alloc:(average:78032ns per 90)
<4>[  383.092743] PGD free:(average:29667ns per 90)
<4>[  383.092745] PMD alloc:(average:59520ns per 360)
<4>[  383.092747] PMD free:(average:32305ns per 360)
<4>[  383.092749] PTE alloc:(average:70985ns per 1106)
<4>[  383.092751] PTE free:(average:30924ns per 1101)
<4>[  383.092754] 
<4>[  393.348804] PGD alloc:(average:78644ns per 90)
<4>[  393.348807] PGD free:(average:30048ns per 90)
<4>[  393.348810] PMD alloc:(average:59117ns per 360)
<4>[  393.348812] PMD free:(average:32908ns per 360)
<4>[  393.348814] PTE alloc:(average:634838ns per 1093)
<4>[  393.348816] PTE free:(average:32685ns per 1091)
<4>[  393.348818] 
<4>[  402.342035] PGD alloc:(average:78381ns per 80)
<4>[  402.342039] PGD free:(average:30266ns per 80)
<4>[  402.342041] PMD alloc:(average:59357ns per 320)
<4>[  402.342043] PMD free:(average:32628ns per 320)
<4>[  402.342045] PTE alloc:(average:69573ns per 981)
<4>[  402.342048] PTE free:(average:29596ns per 978)
<4>[  402.342050] 

<4>[  413.081314] PGD alloc:(average:77685ns per 74)
<4>[  413.081318] PGD free:(average:30964ns per 74)
<4>[  413.081320] PMD alloc:(average:59029ns per 296)
<4>[  413.081322] PMD free:(average:33272ns per 296)
<4>[  413.081324] PTE alloc:(average:69310ns per 894)
<4>[  413.081327] PTE free:(average:32722ns per 886)
<4>[  413.081329] 
<4>[  423.202036] PGD alloc:(average:79366ns per 90)
<4>[  423.202039] PGD free:(average:30147ns per 90)
<4>[  423.202042] PMD alloc:(average:59718ns per 360)
<4>[  423.202044] PMD free:(average:33075ns per 360)
<4>[  423.202046] PTE alloc:(average:69993ns per 1094)
<4>[  423.202048] PTE free:(average:31971ns per 1096)
<4>[  423.202050] 
<4>[  433.353206] PGD alloc:(average:78187ns per 90)
<4>[  433.353209] PGD free:(average:30308ns per 90)
<4>[  433.353211] PMD alloc:(average:59472ns per 360)
<4>[  433.353214] PMD free:(average:32616ns per 360)
<4>[  433.353216] PTE alloc:(average:70238ns per 1126)
<4>[  433.353218] PTE free:(average:31452ns per 1126)
<4>[  433.353220] 
<4>[  442.405483] PGD alloc:(average:77436ns per 80)
<4>[  442.405487] PGD free:(average:30230ns per 80)
<4>[  442.405489] PMD alloc:(average:59420ns per 320)
<4>[  442.405491] PMD free:(average:32831ns per 320)
<4>[  442.405493] PTE alloc:(average:70263ns per 983)
<4>[  442.405495] PTE free:(average:32497ns per 983)
<4>[  442.405498] 
<4>[  452.541129] PGD alloc:(average:78020ns per 90)
<4>[  452.541132] PGD free:(average:29402ns per 90)
<4>[  452.541135] PMD alloc:(average:58870ns per 360)
<4>[  452.541137] PMD free:(average:32118ns per 360)
<4>[  452.541139] PTE alloc:(average:70044ns per 1130)
<4>[  452.541141] PTE free:(average:32326ns per 1130)
<4>[  452.541143] 
<4>[  462.705202] PGD alloc:(average:79228ns per 90)
<4>[  462.705206] PGD free:(average:30336ns per 90)
<4>[  462.705208] PMD alloc:(average:59856ns per 360)
<4>[  462.705210] PMD free:(average:32968ns per 360)
<4>[  462.705213] PTE alloc:(average:71026ns per 1102)
<4>[  462.705215] PTE free:(average:32107ns per 1102)
<4>[  462.705217] 

<4>[  472.853088] PGD alloc:(average:77833ns per 90)
<4>[  472.853091] PGD free:(average:30338ns per 90)
<4>[  472.853094] PMD alloc:(average:59206ns per 360)
<4>[  472.853096] PMD free:(average:33090ns per 360)
<4>[  472.853098] PTE alloc:(average:70258ns per 1117)
<4>[  472.853100] PTE free:(average:32159ns per 1117)
<4>[  472.853102] 
<4>[  482.999015] PGD alloc:(average:2426351ns per 90)
<4>[  482.999018] PGD free:(average:29812ns per 90)
<4>[  482.999020] PMD alloc:(average:59258ns per 360)
<4>[  482.999022] PMD free:(average:32487ns per 360)
<4>[  482.999025] PTE alloc:(average:70505ns per 1125)
<4>[  482.999027] PTE free:(average:32002ns per 1125)
<4>[  482.999029] 
<4>[  493.189613] PGD alloc:(average:78235ns per 90)
<4>[  493.189616] PGD free:(average:30057ns per 91)
<4>[  493.189619] PMD alloc:(average:59038ns per 360)
<4>[  493.189621] PMD free:(average:32543ns per 364)
<4>[  493.189623] PTE alloc:(average:70057ns per 1128)
<4>[  493.189625] PTE free:(average:32292ns per 1160)
<4>[  493.189627] 
<4>[  503.355900] PGD alloc:(average:78304ns per 90)
<4>[  503.355904] PGD free:(average:31001ns per 90)
<4>[  503.355906] PMD alloc:(average:59134ns per 360)
<4>[  503.355908] PMD free:(average:32984ns per 360)
<4>[  503.355910] PTE alloc:(average:71563ns per 1124)
<4>[  503.355912] PTE free:(average:32650ns per 1123)
<4>[  503.355914] 
<4>[  512.417109] PGD alloc:(average:79462ns per 80)
<4>[  512.417113] PGD free:(average:29718ns per 80)
<4>[  512.417115] PMD alloc:(average:60021ns per 320)
<4>[  512.417117] PMD free:(average:32743ns per 320)
<4>[  512.417119] PTE alloc:(average:70473ns per 972)
<4>[  512.417121] PTE free:(average:32429ns per 970)
<4>[  512.417123] 
<4>[  522.546800] PGD alloc:(average:78518ns per 90)
<4>[  522.546803] PGD free:(average:29998ns per 90)
<4>[  522.546805] PMD alloc:(average:59417ns per 360)
<4>[  522.546808] PMD free:(average:32375ns per 360)
<4>[  522.546810] PTE alloc:(average:71068ns per 1125)
<4>[  522.546812] PTE free:(average:30873ns per 1123)
<4>[  522.546814] 

<4>[  532.718489] PGD alloc:(average:78330ns per 90)
<4>[  532.718493] PGD free:(average:30083ns per 90)
<4>[  532.718495] PMD alloc:(average:59387ns per 360)
<4>[  532.718497] PMD free:(average:32714ns per 360)
<4>[  532.718499] PTE alloc:(average:70093ns per 1101)
<4>[  532.718502] PTE free:(average:31818ns per 1099)
<4>[  532.718504] 
<4>[  542.917332] PGD alloc:(average:85317ns per 90)
<4>[  542.917335] PGD free:(average:30403ns per 90)
<4>[  542.917337] PMD alloc:(average:58985ns per 360)
<4>[  542.917340] PMD free:(average:32994ns per 360)
<4>[  542.917342] PTE alloc:(average:69819ns per 1110)
<4>[  542.917344] PTE free:(average:32698ns per 1109)
<4>[  542.917346] 
<4>[  553.994039] PGD alloc:(average:78973ns per 84)
<4>[  553.994043] PGD free:(average:29680ns per 84)
<4>[  553.994045] PMD alloc:(average:59719ns per 336)
<4>[  553.994047] PMD free:(average:32298ns per 336)
<4>[  553.994049] PTE alloc:(average:70686ns per 1018)
<4>[  553.994051] PTE free:(average:29932ns per 1020)
<4>[  553.994054] 
<4>[  562.784223] PGD alloc:(average:77550ns per 70)
<4>[  562.784227] PGD free:(average:29917ns per 70)
<4>[  562.784229] PMD alloc:(average:59036ns per 280)
<4>[  562.784231] PMD free:(average:32519ns per 280)
<4>[  562.784233] PTE alloc:(average:69550ns per 861)
<4>[  562.784235] PTE free:(average:31010ns per 856)
<4>[  562.784238] 
<4>[  572.916197] PGD alloc:(average:78081ns per 90)
<4>[  572.916200] PGD free:(average:30914ns per 90)
<4>[  572.916202] PMD alloc:(average:59311ns per 360)
<4>[  572.916205] PMD free:(average:33203ns per 360)
<4>[  572.916207] PTE alloc:(average:69475ns per 1097)
<4>[  572.916209] PTE free:(average:33157ns per 1099)
<4>[  572.916211] 
<4>[  583.058041] PGD alloc:(average:79614ns per 90)
<4>[  583.058045] PGD free:(average:30064ns per 90)
<4>[  583.058047] PMD alloc:(average:59373ns per 360)
<4>[  583.058049] PMD free:(average:32710ns per 360)
<4>[  583.058051] PTE alloc:(average:70656ns per 1093)
<4>[  583.058053] PTE free:(average:30238ns per 1093)
<4>[  583.058056] 

<4>[  593.205081] PGD alloc:(average:78665ns per 90)
<4>[  593.205085] PGD free:(average:30476ns per 90)
<4>[  593.205087] PMD alloc:(average:59497ns per 360)
<4>[  593.205089] PMD free:(average:32876ns per 360)
<4>[  593.205091] PTE alloc:(average:69818ns per 1086)
<4>[  593.205093] PTE free:(average:32231ns per 1086)
<4>[  593.205095] 
<4>[  603.379501] PGD alloc:(average:78954ns per 90)
<4>[  603.379505] PGD free:(average:29945ns per 90)
<4>[  603.379507] PMD alloc:(average:59071ns per 360)
<4>[  603.379509] PMD free:(average:32641ns per 360)
<4>[  603.379512] PTE alloc:(average:69959ns per 1109)
<4>[  603.379514] PTE free:(average:31384ns per 1109)
<4>[  603.379516] 
<4>[  612.419697] PGD alloc:(average:78707ns per 80)
<4>[  612.419700] PGD free:(average:30522ns per 80)
<4>[  612.419702] PMD alloc:(average:59085ns per 320)
<4>[  612.419705] PMD free:(average:33153ns per 320)
<4>[  612.419707] PTE alloc:(average:72194ns per 974)
<4>[  612.419709] PTE free:(average:31936ns per 974)
<4>[  612.419711] 
<4>[  622.568080] PGD alloc:(average:78840ns per 90)
<4>[  622.568084] PGD free:(average:30103ns per 90)
<4>[  622.568086] PMD alloc:(average:60639ns per 360)
<4>[  622.568088] PMD free:(average:32914ns per 360)
<4>[  622.568090] PTE alloc:(average:69608ns per 1116)
<4>[  622.568092] PTE free:(average:31961ns per 1116)
<4>[  622.568095] 
<4>[  632.724204] PGD alloc:(average:78721ns per 90)
<4>[  632.724207] PGD free:(average:30363ns per 90)
<4>[  632.724209] PMD alloc:(average:59627ns per 360)
<4>[  632.724212] PMD free:(average:32941ns per 360)
<4>[  632.724214] PTE alloc:(average:69419ns per 1117)
<4>[  632.724216] PTE free:(average:31373ns per 1117)
<4>[  632.724218] 
<4>[  642.884144] PGD alloc:(average:88432ns per 90)
<4>[  642.884147] PGD free:(average:30280ns per 90)
<4>[  642.884150] PMD alloc:(average:61701ns per 360)
<4>[  642.884152] PMD free:(average:32980ns per 360)
<4>[  642.884154] PTE alloc:(average:70583ns per 1105)
<4>[  642.884156] PTE free:(average:30456ns per 1105)
<4>[  642.884159] 

<4>[  653.021767] PGD alloc:(average:78595ns per 90)
<4>[  653.021770] PGD free:(average:29725ns per 90)
<4>[  653.021772] PMD alloc:(average:59396ns per 360)
<4>[  653.021774] PMD free:(average:32342ns per 360)
<4>[  653.021777] PTE alloc:(average:69553ns per 1097)
<4>[  653.021779] PTE free:(average:30041ns per 1096)
<4>[  653.021781] 
<4>[  663.161405] PGD alloc:(average:79518ns per 90)
<4>[  663.161408] PGD free:(average:30295ns per 90)
<4>[  663.161410] PMD alloc:(average:60083ns per 360)
<4>[  663.161412] PMD free:(average:33281ns per 360)
<4>[  663.161415] PTE alloc:(average:70761ns per 1109)
<4>[  663.161417] PTE free:(average:33658ns per 1108)
<4>[  663.161419] 
<4>[  673.321128] PGD alloc:(average:78618ns per 90)
<4>[  673.321132] PGD free:(average:30314ns per 90)
<4>[  673.321134] PMD alloc:(average:60176ns per 360)
<4>[  673.321137] PMD free:(average:32693ns per 360)
<4>[  673.321139] PTE alloc:(average:69699ns per 1102)
<4>[  673.321141] PTE free:(average:31938ns per 1100)
<4>[  673.321143] 
<4>[  682.339917] PGD alloc:(average:78060ns per 87)
<4>[  682.339920] PGD free:(average:30256ns per 85)
<4>[  682.339922] PMD alloc:(average:59395ns per 348)
<4>[  682.339924] PMD free:(average:32836ns per 340)
<4>[  682.339927] PTE alloc:(average:69478ns per 1037)
<4>[  682.339929] PTE free:(average:31062ns per 997)
<4>[  682.339931] 
<4>[  692.457725] PGD alloc:(average:78636ns per 83)
<4>[  692.457728] PGD free:(average:29895ns per 85)
<4>[  692.457731] PMD alloc:(average:59814ns per 332)
<4>[  692.457733] PMD free:(average:32689ns per 340)
<4>[  692.457735] PTE alloc:(average:69663ns per 1033)
<4>[  692.457738] PTE free:(average:29911ns per 1069)
<4>[  692.457740] 
<4>[  702.354037] PGD alloc:(average:78694ns per 74)
<4>[  702.354040] PGD free:(average:30228ns per 74)
<4>[  702.354042] PMD alloc:(average:59899ns per 296)
<4>[  702.354045] PMD free:(average:32450ns per 296)
<4>[  702.354047] PTE alloc:(average:71254ns per 882)
<4>[  702.354049] PTE free:(average:30430ns per 885)
<4>[  702.354051] 

<4>[  713.337033] PGD alloc:(average:78281ns per 90)
<4>[  713.337036] PGD free:(average:30431ns per 90)
<4>[  713.337039] PMD alloc:(average:59151ns per 360)
<4>[  713.337041] PMD free:(average:33144ns per 360)
<4>[  713.337043] PTE alloc:(average:69888ns per 1098)
<4>[  713.337045] PTE free:(average:32458ns per 1094)
<4>[  713.337047] 
<4>[  722.344747] PGD alloc:(average:78534ns per 87)
<4>[  722.344750] PGD free:(average:30154ns per 85)
<4>[  722.344752] PMD alloc:(average:59474ns per 348)
<4>[  722.344755] PMD free:(average:32653ns per 340)
<4>[  722.344757] PTE alloc:(average:69148ns per 1039)
<4>[  722.344759] PTE free:(average:30351ns per 1001)
<4>[  722.344761] 
<4>[  732.464043] PGD alloc:(average:78186ns per 83)
<4>[  732.464047] PGD free:(average:30588ns per 85)
<4>[  732.464049] PMD alloc:(average:59857ns per 332)
<4>[  732.464051] PMD free:(average:33230ns per 340)
<4>[  732.464054] PTE alloc:(average:70749ns per 1032)
<4>[  732.464056] PTE free:(average:31269ns per 1072)
<4>[  732.464058] 
<4>[  742.604301] PGD alloc:(average:78662ns per 90)
<4>[  742.604304] PGD free:(average:29780ns per 90)
<4>[  742.604306] PMD alloc:(average:59687ns per 360)
<4>[  742.604309] PMD free:(average:32751ns per 360)
<4>[  742.604311] PTE alloc:(average:69599ns per 1075)
<4>[  742.604313] PTE free:(average:31030ns per 1075)
<4>[  742.604315] 
<4>[  752.801818] PGD alloc:(average:78423ns per 90)
<4>[  752.801822] PGD free:(average:30374ns per 90)
<4>[  752.801824] PMD alloc:(average:59238ns per 360)
<4>[  752.801826] PMD free:(average:33034ns per 360)
<4>[  752.801829] PTE alloc:(average:69288ns per 1081)
<4>[  752.801831] PTE free:(average:31709ns per 1081)
<4>[  752.801833] 
<4>[  762.939935] PGD alloc:(average:78871ns per 90)
<4>[  762.939938] PGD free:(average:30288ns per 90)
<4>[  762.939940] PMD alloc:(average:59143ns per 360)
<4>[  762.939942] PMD free:(average:33207ns per 360)
<4>[  762.939945] PTE alloc:(average:69616ns per 1091)
<4>[  762.939947] PTE free:(average:32897ns per 1091)
<4>[  762.939949] 

<4>[  773.088505] PGD alloc:(average:78703ns per 90)
<4>[  773.088509] PGD free:(average:30222ns per 90)
<4>[  773.088511] PMD alloc:(average:58794ns per 360)
<4>[  773.088513] PMD free:(average:32703ns per 360)
<4>[  773.088515] PTE alloc:(average:69441ns per 1099)
<4>[  773.088518] PTE free:(average:31710ns per 1099)
<4>[  773.088520] 
<4>[  783.245316] PGD alloc:(average:78644ns per 90)
<4>[  783.245320] PGD free:(average:30192ns per 90)
<4>[  783.245322] PMD alloc:(average:59418ns per 360)
<4>[  783.245324] PMD free:(average:32948ns per 360)
<4>[  783.245326] PTE alloc:(average:69490ns per 1100)
<4>[  783.245328] PTE free:(average:30945ns per 1100)
<4>[  783.245330] 
<4>[  792.331546] PGD alloc:(average:78037ns per 88)
<4>[  792.331549] PGD free:(average:30089ns per 85)
<4>[  792.331552] PMD alloc:(average:62195ns per 352)
<4>[  792.331554] PMD free:(average:32511ns per 340)
<4>[  792.331556] PTE alloc:(average:74200ns per 1063)
<4>[  792.331558] PTE free:(average:31771ns per 1002)
<4>[  792.331560] 
<4>[  802.434990] PGD alloc:(average:78958ns per 82)
<4>[  802.434993] PGD free:(average:30421ns per 85)
<4>[  802.434995] PMD alloc:(average:59164ns per 328)
<4>[  802.434998] PMD free:(average:33144ns per 340)
<4>[  802.435000] PTE alloc:(average:84379ns per 986)
<4>[  802.435002] PTE free:(average:34086ns per 1047)
<4>[  802.435004] 
<4>[  812.577891] PGD alloc:(average:78294ns per 90)
<4>[  812.577894] PGD free:(average:29727ns per 90)
<4>[  812.577897] PMD alloc:(average:59790ns per 360)
<4>[  812.577899] PMD free:(average:32391ns per 360)
<4>[  812.577901] PTE alloc:(average:72043ns per 1105)
<4>[  812.577903] PTE free:(average:30743ns per 1105)
<4>[  812.577905] 
<4>[  822.729281] PGD alloc:(average:114434ns per 90)
<4>[  822.729285] PGD free:(average:29813ns per 90)
<4>[  822.729287] PMD alloc:(average:59068ns per 360)
<4>[  822.729289] PMD free:(average:32438ns per 360)
<4>[  822.729291] PTE alloc:(average:69555ns per 1081)
<4>[  822.729293] PTE free:(average:31311ns per 1081)
<4>[  822.729295] 

<4>[  832.881588] PGD alloc:(average:79247ns per 90)
<4>[  832.881592] PGD free:(average:30141ns per 90)
<4>[  832.881594] PMD alloc:(average:59251ns per 360)
<4>[  832.881596] PMD free:(average:32976ns per 360)
<4>[  832.881598] PTE alloc:(average:78220ns per 1100)
<4>[  832.881601] PTE free:(average:32905ns per 1100)
<4>[  832.881603] 
<4>[  843.045786] PGD alloc:(average:78248ns per 90)
<4>[  843.045790] PGD free:(average:30715ns per 90)
<4>[  843.045792] PMD alloc:(average:58970ns per 360)
<4>[  843.045794] PMD free:(average:33129ns per 360)
<4>[  843.045796] PTE alloc:(average:69238ns per 1091)
<4>[  843.045799] PTE free:(average:31695ns per 1090)
<4>[  843.045801] 
<4>[  852.698044] PGD alloc:(average:77818ns per 64)
<4>[  852.698047] PGD free:(average:29831ns per 64)
<4>[  852.698049] PMD alloc:(average:59096ns per 256)
<4>[  852.698052] PMD free:(average:32872ns per 256)
<4>[  852.698054] PTE alloc:(average:69774ns per 754)
<4>[  852.698056] PTE free:(average:31852ns per 751)
<4>[  852.698058] 
<4>[  862.770860] PGD alloc:(average:78144ns per 90)
<4>[  862.770863] PGD free:(average:30668ns per 90)
<4>[  862.770865] PMD alloc:(average:59503ns per 360)
<4>[  862.770867] PMD free:(average:33280ns per 360)
<4>[  862.770870] PTE alloc:(average:69800ns per 1081)
<4>[  862.770872] PTE free:(average:32338ns per 1082)
<4>[  862.770874] 
<4>[  872.907933] PGD alloc:(average:85300ns per 90)
<4>[  872.907936] PGD free:(average:29921ns per 90)
<4>[  872.907939] PMD alloc:(average:68714ns per 360)
<4>[  872.907941] PMD free:(average:32541ns per 360)
<4>[  872.907943] PTE alloc:(average:70130ns per 1129)
<4>[  872.907945] PTE free:(average:32753ns per 1129)
<4>[  872.907947] 
<4>[  883.029906] PGD alloc:(average:78065ns per 90)
<4>[  883.029909] PGD free:(average:30452ns per 90)
<4>[  883.029911] PMD alloc:(average:59163ns per 360)
<4>[  883.029913] PMD free:(average:33036ns per 360)
<4>[  883.029916] PTE alloc:(average:70062ns per 1124)
<4>[  883.029918] PTE free:(average:31254ns per 1124)
<4>[  883.029920] 

<4>[  893.166180] PGD alloc:(average:77045ns per 90)
<4>[  893.166184] PGD free:(average:29903ns per 90)
<4>[  893.166186] PMD alloc:(average:58676ns per 360)
<4>[  893.166188] PMD free:(average:32179ns per 360)
<4>[  893.166190] PTE alloc:(average:70341ns per 1121)
<4>[  893.166193] PTE free:(average:30925ns per 1121)
<4>[  893.166195] 
<4>[  903.361448] PGD alloc:(average:78263ns per 90)
<4>[  903.361451] PGD free:(average:29972ns per 90)
<4>[  903.361454] PMD alloc:(average:59023ns per 360)
<4>[  903.361456] PMD free:(average:34074ns per 360)
<4>[  903.361458] PTE alloc:(average:70992ns per 1127)
<4>[  903.361460] PTE free:(average:30361ns per 1127)
<4>[  903.361462] 
<4>[  912.367041] PGD alloc:(average:78485ns per 80)
<4>[  912.367045] PGD free:(average:30050ns per 80)
<4>[  912.367047] PMD alloc:(average:59170ns per 320)
<4>[  912.367049] PMD free:(average:37801ns per 320)
<4>[  912.367051] PTE alloc:(average:70109ns per 1004)
<4>[  912.367053] PTE free:(average:33018ns per 1004)
<4>[  912.367056] 
<4>[  922.518710] PGD alloc:(average:78954ns per 90)
<4>[  922.518714] PGD free:(average:29936ns per 90)
<4>[  922.518716] PMD alloc:(average:59449ns per 360)
<4>[  922.518718] PMD free:(average:35622ns per 360)
<4>[  922.518721] PTE alloc:(average:70197ns per 1121)
<4>[  922.518723] PTE free:(average:30139ns per 1121)
<4>[  922.518725] 
<4>[  932.666689] PGD alloc:(average:79411ns per 90)
<4>[  932.666693] PGD free:(average:30953ns per 90)
<4>[  932.666695] PMD alloc:(average:59263ns per 360)
<4>[  932.666697] PMD free:(average:33091ns per 360)
<4>[  932.666700] PTE alloc:(average:70399ns per 1125)
<4>[  932.666702] PTE free:(average:29832ns per 1125)
<4>[  932.666704] 
<4>[  942.770036] PGD alloc:(average:78584ns per 90)
<4>[  942.770039] PGD free:(average:30624ns per 90)
<4>[  942.770042] PMD alloc:(average:59085ns per 360)
<4>[  942.770044] PMD free:(average:33003ns per 360)
<4>[  942.770046] PTE alloc:(average:71463ns per 1115)
<4>[  942.770048] PTE free:(average:43110ns per 1115)
<4>[  942.770050] 

<4>[  952.900546] PGD alloc:(average:78490ns per 90)
<4>[  952.900549] PGD free:(average:30747ns per 90)
<4>[  952.900551] PMD alloc:(average:59437ns per 360)
<4>[  952.900553] PMD free:(average:33091ns per 360)
<4>[  952.900556] PTE alloc:(average:70405ns per 1116)
<4>[  952.900558] PTE free:(average:31087ns per 1116)
<4>[  952.900560] 
<4>[  963.035704] PGD alloc:(average:88483ns per 90)
<4>[  963.035708] PGD free:(average:30362ns per 90)
<4>[  963.035710] PMD alloc:(average:653501ns per 360)
<4>[  963.035712] PMD free:(average:32625ns per 360)
<4>[  963.035715] PTE alloc:(average:71303ns per 1113)
<4>[  963.035717] PTE free:(average:31654ns per 1113)
<4>[  963.035719] 
<4>[  973.228444] PGD alloc:(average:79438ns per 90)
<4>[  973.228448] PGD free:(average:30103ns per 90)
<4>[  973.228450] PMD alloc:(average:59570ns per 360)
<4>[  973.228452] PMD free:(average:32660ns per 360)
<4>[  973.228454] PTE alloc:(average:70045ns per 1119)
<4>[  973.228457] PTE free:(average:31209ns per 1119)
<4>[  973.228459] 
<4>[  982.334996] PGD alloc:(average:78755ns per 88)
<4>[  982.334999] PGD free:(average:30376ns per 85)
<4>[  982.335001] PMD alloc:(average:59089ns per 352)
<4>[  982.335003] PMD free:(average:32755ns per 340)
<4>[  982.335005] PTE alloc:(average:69843ns per 1079)
<4>[  982.335008] PTE free:(average:31642ns per 1019)
<4>[  982.335010] 
<4>[  992.425875] PGD alloc:(average:77992ns per 82)
<4>[  992.425878] PGD free:(average:29632ns per 85)
<4>[  992.425880] PMD alloc:(average:59196ns per 328)
<4>[  992.425883] PMD free:(average:32742ns per 340)
<4>[  992.425885] PTE alloc:(average:70690ns per 1017)
<4>[  992.425887] PTE free:(average:32525ns per 1076)
<4>[  992.425889] 
<4>[ 1003.181761] PGD alloc:(average:78220ns per 74)
<4>[ 1003.181764] PGD free:(average:30194ns per 74)
<4>[ 1003.181766] PMD alloc:(average:60078ns per 296)
<4>[ 1003.181769] PMD free:(average:32894ns per 296)
<4>[ 1003.181771] PTE alloc:(average:69652ns per 905)
<4>[ 1003.181773] PTE free:(average:31925ns per 903)
<4>[ 1003.181775] 

<4>[ 1013.278259] PGD alloc:(average:79176ns per 90)
<4>[ 1013.278262] PGD free:(average:29970ns per 90)
<4>[ 1013.278265] PMD alloc:(average:59556ns per 360)
<4>[ 1013.278267] PMD free:(average:32600ns per 360)
<4>[ 1013.278269] PTE alloc:(average:69868ns per 1098)
<4>[ 1013.278271] PTE free:(average:31333ns per 1100)
<4>[ 1013.278273] 
<4>[ 1022.327266] PGD alloc:(average:78850ns per 88)
<4>[ 1022.327269] PGD free:(average:30063ns per 85)
<4>[ 1022.327271] PMD alloc:(average:59256ns per 352)
<4>[ 1022.327273] PMD free:(average:32482ns per 340)
<4>[ 1022.327276] PTE alloc:(average:70765ns per 1068)
<4>[ 1022.327278] PTE free:(average:31501ns per 1009)
<4>[ 1022.327280] 
<4>[ 1032.431552] PGD alloc:(average:79856ns per 82)
<4>[ 1032.431556] PGD free:(average:30682ns per 85)
<4>[ 1032.431558] PMD alloc:(average:59576ns per 328)
<4>[ 1032.431561] PMD free:(average:33120ns per 340)
<4>[ 1032.431563] PTE alloc:(average:70058ns per 1010)
<4>[ 1032.431565] PTE free:(average:30602ns per 1069)
<4>[ 1032.431567] 
<4>[ 1042.545650] PGD alloc:(average:78934ns per 90)
<4>[ 1042.545653] PGD free:(average:30353ns per 90)
<4>[ 1042.545655] PMD alloc:(average:199713ns per 360)
<4>[ 1042.545658] PMD free:(average:32636ns per 360)
<4>[ 1042.545660] PTE alloc:(average:71351ns per 1107)
<4>[ 1042.545662] PTE free:(average:29694ns per 1107)
<4>[ 1042.545664] 
<4>[ 1052.757480] PGD alloc:(average:80002ns per 90)
<4>[ 1052.757483] PGD free:(average:31861ns per 90)
<4>[ 1052.757485] PMD alloc:(average:59994ns per 360)
<4>[ 1052.757488] PMD free:(average:32826ns per 360)
<4>[ 1052.757490] PTE alloc:(average:70085ns per 1097)
<4>[ 1052.757492] PTE free:(average:31989ns per 1097)
<4>[ 1052.757494] 
<4>[ 1062.896415] PGD alloc:(average:78086ns per 90)
<4>[ 1062.896418] PGD free:(average:30081ns per 90)
<4>[ 1062.896420] PMD alloc:(average:59468ns per 360)
<4>[ 1062.896423] PMD free:(average:32570ns per 360)
<4>[ 1062.896425] PTE alloc:(average:72107ns per 1108)
<4>[ 1062.896427] PTE free:(average:29602ns per 1108)
<4>[ 1062.896429] 

<4>[ 1073.035600] PGD alloc:(average:78514ns per 90)
<4>[ 1073.035603] PGD free:(average:29827ns per 90)
<4>[ 1073.035605] PMD alloc:(average:59688ns per 360)
<4>[ 1073.035607] PMD free:(average:32226ns per 360)
<4>[ 1073.035610] PTE alloc:(average:69725ns per 1096)
<4>[ 1073.035612] PTE free:(average:31295ns per 1096)
<4>[ 1073.035614] 
<4>[ 1083.166394] PGD alloc:(average:79086ns per 90)
<4>[ 1083.166397] PGD free:(average:30391ns per 90)
<4>[ 1083.166400] PMD alloc:(average:59342ns per 360)
<4>[ 1083.166402] PMD free:(average:33020ns per 360)
<4>[ 1083.166404] PTE alloc:(average:71758ns per 1109)
<4>[ 1083.166406] PTE free:(average:31140ns per 1109)
<4>[ 1083.166408] 
<4>[ 1093.289473] PGD alloc:(average:78667ns per 90)
<4>[ 1093.289476] PGD free:(average:29926ns per 90)
<4>[ 1093.289479] PMD alloc:(average:59320ns per 360)
<4>[ 1093.289481] PMD free:(average:32572ns per 360)
<4>[ 1093.289483] PTE alloc:(average:88007ns per 1087)
<4>[ 1093.289485] PTE free:(average:31655ns per 1087)
<4>[ 1093.289488] 
<4>[ 1102.348224] PGD alloc:(average:77647ns per 80)
<4>[ 1102.348228] PGD free:(average:30402ns per 80)
<4>[ 1102.348230] PMD alloc:(average:58980ns per 320)
<4>[ 1102.348232] PMD free:(average:33024ns per 320)
<4>[ 1102.348234] PTE alloc:(average:72709ns per 979)
<4>[ 1102.348237] PTE free:(average:30952ns per 979)
<4>[ 1102.348239] 
<4>[ 1112.504925] PGD alloc:(average:79026ns per 90)
<4>[ 1112.504929] PGD free:(average:30245ns per 90)
<4>[ 1112.504931] PMD alloc:(average:59544ns per 360)
<4>[ 1112.504933] PMD free:(average:32742ns per 360)
<4>[ 1112.504935] PTE alloc:(average:69479ns per 1101)
<4>[ 1112.504937] PTE free:(average:31140ns per 1101)
<4>[ 1112.504940] 
<4>[ 1122.663209] PGD alloc:(average:79396ns per 90)
<4>[ 1122.663213] PGD free:(average:30272ns per 90)
<4>[ 1122.663215] PMD alloc:(average:60825ns per 360)
<4>[ 1122.663217] PMD free:(average:33093ns per 360)
<4>[ 1122.663220] PTE alloc:(average:69526ns per 1094)
<4>[ 1122.663222] PTE free:(average:31465ns per 1094)
<4>[ 1122.663224] 

<4>[ 1132.772323] PGD alloc:(average:79172ns per 90)
<4>[ 1132.772326] PGD free:(average:30247ns per 90)
<4>[ 1132.772328] PMD alloc:(average:59645ns per 360)
<4>[ 1132.772330] PMD free:(average:32840ns per 360)
<4>[ 1132.772333] PTE alloc:(average:69862ns per 1095)
<4>[ 1132.772335] PTE free:(average:32154ns per 1095)
<4>[ 1132.772337] 
<4>[ 1142.933906] PGD alloc:(average:93178ns per 90)
<4>[ 1142.933910] PGD free:(average:30646ns per 90)
<4>[ 1142.933912] PMD alloc:(average:61971ns per 360)
<4>[ 1142.933914] PMD free:(average:33775ns per 360)
<4>[ 1142.933916] PTE alloc:(average:69501ns per 1092)
<4>[ 1142.933919] PTE free:(average:32710ns per 1092)
<4>[ 1142.933921] 
<4>[ 1152.545235] PGD alloc:(average:77889ns per 64)
<4>[ 1152.545238] PGD free:(average:30354ns per 64)
<4>[ 1152.545240] PMD alloc:(average:58799ns per 256)
<4>[ 1152.545243] PMD free:(average:33016ns per 256)
<4>[ 1152.545245] PTE alloc:(average:70070ns per 761)
<4>[ 1152.545247] PTE free:(average:32318ns per 760)
<4>[ 1152.545249] 
<4>[ 1162.639130] PGD alloc:(average:78534ns per 90)
<4>[ 1162.639134] PGD free:(average:30320ns per 90)
<4>[ 1162.639136] PMD alloc:(average:59350ns per 360)
<4>[ 1162.639138] PMD free:(average:33056ns per 360)
<4>[ 1162.639140] PTE alloc:(average:69775ns per 1109)
<4>[ 1162.639143] PTE free:(average:32947ns per 1110)
<4>[ 1162.639145] 
<4>[ 1172.761658] PGD alloc:(average:78456ns per 90)
<4>[ 1172.761662] PGD free:(average:30164ns per 90)
<4>[ 1172.761664] PMD alloc:(average:58937ns per 360)
<4>[ 1172.761666] PMD free:(average:32469ns per 360)
<4>[ 1172.761668] PTE alloc:(average:69474ns per 1101)
<4>[ 1172.761670] PTE free:(average:30970ns per 1101)
<4>[ 1172.761673] 
<4>[ 1182.899214] PGD alloc:(average:78010ns per 90)
<4>[ 1182.899218] PGD free:(average:30850ns per 90)
<4>[ 1182.899220] PMD alloc:(average:59050ns per 360)
<4>[ 1182.899222] PMD free:(average:33003ns per 360)
<4>[ 1182.899224] PTE alloc:(average:69613ns per 1102)
<4>[ 1182.899227] PTE free:(average:31543ns per 1102)
<4>[ 1182.899229] 

<4>[ 1193.027972] PGD alloc:(average:78727ns per 90)
<4>[ 1193.027975] PGD free:(average:29803ns per 90)
<4>[ 1193.027978] PMD alloc:(average:59077ns per 360)
<4>[ 1193.027980] PMD free:(average:32252ns per 360)
<4>[ 1193.027982] PTE alloc:(average:69513ns per 1096)
<4>[ 1193.027984] PTE free:(average:31250ns per 1096)
<4>[ 1193.027986] 
<4>[ 1203.213361] PGD alloc:(average:77821ns per 90)
<4>[ 1203.213364] PGD free:(average:30436ns per 90)
<4>[ 1203.213367] PMD alloc:(average:59246ns per 360)
<4>[ 1203.213369] PMD free:(average:32848ns per 360)
<4>[ 1203.213371] PTE alloc:(average:69706ns per 1096)
<4>[ 1203.213373] PTE free:(average:31702ns per 1096)
<4>[ 1203.213375] 
<4>[ 1213.369303] PGD alloc:(average:78487ns per 90)
<4>[ 1213.369306] PGD free:(average:30136ns per 90)
<4>[ 1213.369308] PMD alloc:(average:66139ns per 360)
<4>[ 1213.369311] PMD free:(average:32616ns per 360)
<4>[ 1213.369313] PTE alloc:(average:70296ns per 1097)
<4>[ 1213.369315] PTE free:(average:31417ns per 1097)
<4>[ 1213.369317] 
<4>[ 1222.376338] PGD alloc:(average:78987ns per 80)
<4>[ 1222.376341] PGD free:(average:29951ns per 80)
<4>[ 1222.376344] PMD alloc:(average:59287ns per 320)
<4>[ 1222.376346] PMD free:(average:32909ns per 320)
<4>[ 1222.376348] PTE alloc:(average:69474ns per 986)
<4>[ 1222.376350] PTE free:(average:31341ns per 986)
<4>[ 1222.376352] 
<4>[ 1232.538058] PGD alloc:(average:79506ns per 90)
<4>[ 1232.538061] PGD free:(average:30693ns per 90)
<4>[ 1232.538064] PMD alloc:(average:59273ns per 360)
<4>[ 1232.538066] PMD free:(average:33245ns per 360)
<4>[ 1232.538068] PTE alloc:(average:69663ns per 1087)
<4>[ 1232.538070] PTE free:(average:32588ns per 1087)
<4>[ 1232.538072] 
<4>[ 1242.745094] PGD alloc:(average:78787ns per 90)
<4>[ 1242.745098] PGD free:(average:29596ns per 90)
<4>[ 1242.745100] PMD alloc:(average:562042ns per 360)
<4>[ 1242.745102] PMD free:(average:32470ns per 360)
<4>[ 1242.745104] PTE alloc:(average:69338ns per 1098)
<4>[ 1242.745107] PTE free:(average:31179ns per 1098)
<4>[ 1242.745109] 

<4>[ 1252.851871] PGD alloc:(average:78717ns per 90)
<4>[ 1252.851874] PGD free:(average:30498ns per 90)
<4>[ 1252.851876] PMD alloc:(average:59372ns per 360)
<4>[ 1252.851879] PMD free:(average:33048ns per 360)
<4>[ 1252.851881] PTE alloc:(average:70626ns per 1086)
<4>[ 1252.851883] PTE free:(average:31589ns per 1086)
<4>[ 1252.851885] 
<4>[ 1262.994855] PGD alloc:(average:89571ns per 90)
<4>[ 1262.994858] PGD free:(average:30245ns per 90)
<4>[ 1262.994860] PMD alloc:(average:59316ns per 360)
<4>[ 1262.994862] PMD free:(average:32874ns per 360)
<4>[ 1262.994865] PTE alloc:(average:69714ns per 1097)
<4>[ 1262.994867] PTE free:(average:31554ns per 1097)
<4>[ 1262.994869] 
<4>[ 1273.121803] PGD alloc:(average:77902ns per 90)
<4>[ 1273.121807] PGD free:(average:30188ns per 90)
<4>[ 1273.121809] PMD alloc:(average:58899ns per 360)
<4>[ 1273.121811] PMD free:(average:32546ns per 360)
<4>[ 1273.121814] PTE alloc:(average:69813ns per 1088)
<4>[ 1273.121816] PTE free:(average:32139ns per 1088)
<4>[ 1273.121818] 
<4>[ 1283.273951] PGD alloc:(average:78295ns per 90)
<4>[ 1283.273954] PGD free:(average:29978ns per 90)
<4>[ 1283.273957] PMD alloc:(average:59326ns per 360)
<4>[ 1283.273959] PMD free:(average:32396ns per 360)
<4>[ 1283.273961] PTE alloc:(average:69548ns per 1099)
<4>[ 1283.273963] PTE free:(average:32175ns per 1099)
<4>[ 1283.273965] 
<4>[ 1293.397756] PGD alloc:(average:79503ns per 90)
<4>[ 1293.397759] PGD free:(average:30278ns per 90)
<4>[ 1293.397761] PMD alloc:(average:59172ns per 360)
<4>[ 1293.397764] PMD free:(average:32945ns per 360)
<4>[ 1293.397766] PTE alloc:(average:70945ns per 1099)
<4>[ 1293.397768] PTE free:(average:32939ns per 1099)
<4>[ 1293.397770] 
<4>[ 1303.017859] PGD alloc:(average:78662ns per 64)
<4>[ 1303.017862] PGD free:(average:29976ns per 64)
<4>[ 1303.017864] PMD alloc:(average:58673ns per 256)
<4>[ 1303.017867] PMD free:(average:32762ns per 256)
<4>[ 1303.017869] PTE alloc:(average:69397ns per 774)
<4>[ 1303.017871] PTE free:(average:32036ns per 769)
<4>[ 1303.017873] 

<4>[ 1313.140145] PGD alloc:(average:77953ns per 90)
<4>[ 1313.140148] PGD free:(average:30250ns per 90)
<4>[ 1313.140151] PMD alloc:(average:59700ns per 360)
<4>[ 1313.140153] PMD free:(average:33055ns per 360)
<4>[ 1313.140155] PTE alloc:(average:70406ns per 1115)
<4>[ 1313.140157] PTE free:(average:31754ns per 1118)
<4>[ 1313.140159] 
<4>[ 1323.308535] PGD alloc:(average:79365ns per 90)
<4>[ 1323.308539] PGD free:(average:30227ns per 90)
<4>[ 1323.308541] PMD alloc:(average:59307ns per 360)
<4>[ 1323.308543] PMD free:(average:32893ns per 360)
<4>[ 1323.308546] PTE alloc:(average:70389ns per 1129)
<4>[ 1323.308548] PTE free:(average:32919ns per 1129)
<4>[ 1323.308550] 
<4>[ 1332.327516] PGD alloc:(average:78887ns per 80)
<4>[ 1332.327520] PGD free:(average:29866ns per 80)
<4>[ 1332.327522] PMD alloc:(average:59822ns per 320)
<4>[ 1332.327524] PMD free:(average:32851ns per 320)
<4>[ 1332.327526] PTE alloc:(average:71067ns per 986)
<4>[ 1332.327528] PTE free:(average:31899ns per 986)
<4>[ 1332.327530] 
<4>[ 1342.465959] PGD alloc:(average:79114ns per 90)
<4>[ 1342.465962] PGD free:(average:30203ns per 90)
<4>[ 1342.465965] PMD alloc:(average:59162ns per 360)
<4>[ 1342.465967] PMD free:(average:32925ns per 360)
<4>[ 1342.465969] PTE alloc:(average:70494ns per 1126)
<4>[ 1342.465971] PTE free:(average:31354ns per 1126)
<4>[ 1342.465973] 
<4>[ 1352.610325] PGD alloc:(average:78631ns per 90)
<4>[ 1352.610328] PGD free:(average:30208ns per 90)
<4>[ 1352.610330] PMD alloc:(average:59634ns per 360)
<4>[ 1352.610332] PMD free:(average:32839ns per 360)
<4>[ 1352.610335] PTE alloc:(average:70858ns per 1126)
<4>[ 1352.610337] PTE free:(average:31952ns per 1126)
<4>[ 1352.610339] 
<4>[ 1362.736448] PGD alloc:(average:78340ns per 90)
<4>[ 1362.736451] PGD free:(average:29851ns per 90)
<4>[ 1362.736453] PMD alloc:(average:59583ns per 360)
<4>[ 1362.736455] PMD free:(average:32703ns per 360)
<4>[ 1362.736458] PTE alloc:(average:70462ns per 1109)
<4>[ 1362.736460] PTE free:(average:34579ns per 1109)
<4>[ 1362.736462] 

<4>[ 1372.867282] PGD alloc:(average:78183ns per 90)
<4>[ 1372.867286] PGD free:(average:30217ns per 90)
<4>[ 1372.867288] PMD alloc:(average:59255ns per 360)
<4>[ 1372.867290] PMD free:(average:32711ns per 360)
<4>[ 1372.867292] PTE alloc:(average:71002ns per 1123)
<4>[ 1372.867295] PTE free:(average:31829ns per 1123)
<4>[ 1372.867297] 
<4>[ 1383.015230] PGD alloc:(average:78675ns per 90)
<4>[ 1383.015233] PGD free:(average:30730ns per 90)
<4>[ 1383.015236] PMD alloc:(average:59344ns per 360)
<4>[ 1383.015238] PMD free:(average:33595ns per 360)
<4>[ 1383.015240] PTE alloc:(average:70518ns per 1097)
<4>[ 1383.015242] PTE free:(average:31833ns per 1097)
<4>[ 1383.015244] 
<4>[ 1393.178304] PGD alloc:(average:78750ns per 90)
<4>[ 1393.178308] PGD free:(average:29782ns per 90)
<4>[ 1393.178310] PMD alloc:(average:59143ns per 360)
<4>[ 1393.178312] PMD free:(average:32624ns per 360)
<4>[ 1393.178314] PTE alloc:(average:70595ns per 1109)
<4>[ 1393.178316] PTE free:(average:31898ns per 1109)
<4>[ 1393.178319] 
<4>[ 1403.312503] PGD alloc:(average:79236ns per 90)
<4>[ 1403.312506] PGD free:(average:30970ns per 90)
<4>[ 1403.312509] PMD alloc:(average:59249ns per 360)
<4>[ 1403.312511] PMD free:(average:33143ns per 360)
<4>[ 1403.312513] PTE alloc:(average:70351ns per 1127)
<4>[ 1403.312515] PTE free:(average:31240ns per 1127)
<4>[ 1403.312517] 
<4>[ 1412.337843] PGD alloc:(average:78015ns per 80)
<4>[ 1412.337847] PGD free:(average:30346ns per 80)
<4>[ 1412.337849] PMD alloc:(average:59458ns per 320)
<4>[ 1412.337851] PMD free:(average:33214ns per 320)
<4>[ 1412.337853] PTE alloc:(average:70076ns per 992)
<4>[ 1412.337855] PTE free:(average:31978ns per 992)
<4>[ 1412.337857] 
<4>[ 1422.475567] PGD alloc:(average:86516ns per 90)
<4>[ 1422.475571] PGD free:(average:30247ns per 90)
<4>[ 1422.475573] PMD alloc:(average:84308ns per 360)
<4>[ 1422.475575] PMD free:(average:32788ns per 360)
<4>[ 1422.475577] PTE alloc:(average:70668ns per 1107)
<4>[ 1422.475580] PTE free:(average:32570ns per 1107)
<4>[ 1422.475582] 

<4>[ 1432.619859] PGD alloc:(average:79528ns per 90)
<4>[ 1432.619863] PGD free:(average:30384ns per 90)
<4>[ 1432.619865] PMD alloc:(average:58805ns per 360)
<4>[ 1432.619867] PMD free:(average:32990ns per 360)
<4>[ 1432.619869] PTE alloc:(average:69835ns per 1119)
<4>[ 1432.619872] PTE free:(average:32439ns per 1119)
<4>[ 1432.619874] 
<4>[ 1443.684225] PGD alloc:(average:78833ns per 84)
<4>[ 1443.684228] PGD free:(average:30346ns per 84)
<4>[ 1443.684231] PMD alloc:(average:59543ns per 336)
<4>[ 1443.684233] PMD free:(average:32913ns per 336)
<4>[ 1443.684235] PTE alloc:(average:71964ns per 996)
<4>[ 1443.684237] PTE free:(average:32662ns per 1000)
<4>[ 1443.684239] 
<4>[ 1452.349040] PGD alloc:(average:79231ns per 70)
<4>[ 1452.349044] PGD free:(average:30517ns per 70)
<4>[ 1452.349046] PMD alloc:(average:59053ns per 280)
<4>[ 1452.349048] PMD free:(average:33312ns per 280)
<4>[ 1452.349050] PTE alloc:(average:69667ns per 863)
<4>[ 1452.349053] PTE free:(average:32865ns per 859)
<4>[ 1452.349055] 
<4>[ 1462.481546] PGD alloc:(average:78363ns per 90)
<4>[ 1462.481549] PGD free:(average:30246ns per 90)
<4>[ 1462.481552] PMD alloc:(average:59403ns per 360)
<4>[ 1462.481554] PMD free:(average:32915ns per 360)
<4>[ 1462.481556] PTE alloc:(average:69549ns per 1106)
<4>[ 1462.481558] PTE free:(average:32096ns per 1108)
<4>[ 1462.481560] 
<4>[ 1472.612235] PGD alloc:(average:79494ns per 90)
<4>[ 1472.612239] PGD free:(average:30501ns per 90)
<4>[ 1472.612241] PMD alloc:(average:60002ns per 360)
<4>[ 1472.612243] PMD free:(average:33285ns per 360)
<4>[ 1472.612246] PTE alloc:(average:70201ns per 1107)
<4>[ 1472.612248] PTE free:(average:31721ns per 1107)
<4>[ 1472.612250] 
<4>[ 1482.749485] PGD alloc:(average:78362ns per 90)
<4>[ 1482.749488] PGD free:(average:30314ns per 90)
<4>[ 1482.749490] PMD alloc:(average:59653ns per 360)
<4>[ 1482.749493] PMD free:(average:33105ns per 360)
<4>[ 1482.749495] PTE alloc:(average:69540ns per 1108)
<4>[ 1482.749497] PTE free:(average:32785ns per 1108)
<4>[ 1482.749499] 

<4>[ 1492.890040] PGD alloc:(average:78167ns per 90)
<4>[ 1492.890044] PGD free:(average:30117ns per 90)
<4>[ 1492.890046] PMD alloc:(average:59300ns per 360)
<4>[ 1492.890048] PMD free:(average:35752ns per 360)
<4>[ 1492.890050] PTE alloc:(average:73415ns per 1090)
<4>[ 1492.890053] PTE free:(average:32584ns per 1090)
<4>[ 1492.890055] 
<4>[ 1503.043669] PGD alloc:(average:78348ns per 90)
<4>[ 1503.043672] PGD free:(average:29633ns per 90)
<4>[ 1503.043674] PMD alloc:(average:71529ns per 360)
<4>[ 1503.043676] PMD free:(average:32055ns per 360)
<4>[ 1503.043679] PTE alloc:(average:70034ns per 1100)
<4>[ 1503.043681] PTE free:(average:29444ns per 1100)
<4>[ 1503.043683] 
<4>[ 1513.230023] PGD alloc:(average:77446ns per 90)
<4>[ 1513.230026] PGD free:(average:30415ns per 90)
<4>[ 1513.230028] PMD alloc:(average:58879ns per 360)
<4>[ 1513.230030] PMD free:(average:32860ns per 360)
<4>[ 1513.230033] PTE alloc:(average:74329ns per 1111)
<4>[ 1513.230035] PTE free:(average:31164ns per 1111)
<4>[ 1513.230037] 
<4>[ 1523.376486] PGD alloc:(average:78267ns per 90)
<4>[ 1523.376489] PGD free:(average:29950ns per 90)
<4>[ 1523.376491] PMD alloc:(average:59112ns per 360)
<4>[ 1523.376494] PMD free:(average:32911ns per 360)
<4>[ 1523.376496] PTE alloc:(average:69679ns per 1086)
<4>[ 1523.376498] PTE free:(average:31832ns per 1086)
<4>[ 1523.376500] 
<4>[ 1532.375188] PGD alloc:(average:78065ns per 80)
<4>[ 1532.375191] PGD free:(average:29540ns per 80)
<4>[ 1532.375194] PMD alloc:(average:59369ns per 320)
<4>[ 1532.375196] PMD free:(average:32230ns per 320)
<4>[ 1532.375198] PTE alloc:(average:69882ns per 981)
<4>[ 1532.375200] PTE free:(average:31654ns per 981)
<4>[ 1532.375202] 
<4>[ 1542.525963] PGD alloc:(average:78186ns per 90)
<4>[ 1542.525966] PGD free:(average:30425ns per 90)
<4>[ 1542.525968] PMD alloc:(average:59484ns per 360)
<4>[ 1542.525971] PMD free:(average:32798ns per 360)
<4>[ 1542.525973] PTE alloc:(average:69777ns per 1090)
<4>[ 1542.525975] PTE free:(average:31220ns per 1090)
<4>[ 1542.525977] 

<4>[ 1552.642040] PGD alloc:(average:79713ns per 90)
<4>[ 1552.642044] PGD free:(average:29824ns per 90)
<4>[ 1552.642046] PMD alloc:(average:59368ns per 360)
<4>[ 1552.642048] PMD free:(average:32652ns per 360)
<4>[ 1552.642050] PTE alloc:(average:69501ns per 1089)
<4>[ 1552.642052] PTE free:(average:32426ns per 1089)
<4>[ 1552.642055] 
<4>[ 1562.763866] PGD alloc:(average:80745ns per 90)
<4>[ 1562.763869] PGD free:(average:29744ns per 90)
<4>[ 1562.763872] PMD alloc:(average:59640ns per 360)
<4>[ 1562.763874] PMD free:(average:32358ns per 360)
<4>[ 1562.763876] PTE alloc:(average:70188ns per 1097)
<4>[ 1562.763878] PTE free:(average:32010ns per 1097)
<4>[ 1562.763881] 
<4>[ 1572.921353] PGD alloc:(average:79383ns per 90)
<4>[ 1572.921357] PGD free:(average:30804ns per 90)
<4>[ 1572.921359] PMD alloc:(average:59453ns per 360)
<4>[ 1572.921361] PMD free:(average:32965ns per 360)
<4>[ 1572.921363] PTE alloc:(average:69826ns per 1093)
<4>[ 1572.921366] PTE free:(average:31577ns per 1093)
<4>[ 1572.921368] 
<4>[ 1583.124297] PGD alloc:(average:78573ns per 90)
<4>[ 1583.124300] PGD free:(average:30383ns per 90)
<4>[ 1583.124303] PMD alloc:(average:59556ns per 360)
<4>[ 1583.124305] PMD free:(average:33014ns per 360)
<4>[ 1583.124307] PTE alloc:(average:71944ns per 1093)
<4>[ 1583.124309] PTE free:(average:31950ns per 1093)
<4>[ 1583.124311] 
<4>[ 1593.954006] PGD alloc:(average:78264ns per 74)
<4>[ 1593.954009] PGD free:(average:30185ns per 74)
<4>[ 1593.954011] PMD alloc:(average:59130ns per 296)
